Component: ARM Compiler 5.06 update 6 (build 750) Tool: armlink [4d35ed]

==============================================================================

Section Cross References

    startup_stm32f103xb.o(STACK) refers (Special) to heapauxi.o(.text) for __use_two_region_memory
    startup_stm32f103xb.o(HEAP) refers (Special) to heapauxi.o(.text) for __use_two_region_memory
    startup_stm32f103xb.o(RESET) refers (Special) to heapauxi.o(.text) for __use_two_region_memory
    startup_stm32f103xb.o(RESET) refers to startup_stm32f103xb.o(STACK) for __initial_sp
    startup_stm32f103xb.o(RESET) refers to startup_stm32f103xb.o(.text) for Reset_Handler
    startup_stm32f103xb.o(RESET) refers to stm32f1xx_it.o(i.NMI_Handler) for NMI_Handler
    startup_stm32f103xb.o(RESET) refers to stm32f1xx_it.o(i.HardFault_Handler) for HardFault_Handler
    startup_stm32f103xb.o(RESET) refers to stm32f1xx_it.o(i.MemManage_Handler) for MemManage_Handler
    startup_stm32f103xb.o(RESET) refers to stm32f1xx_it.o(i.BusFault_Handler) for BusFault_Handler
    startup_stm32f103xb.o(RESET) refers to stm32f1xx_it.o(i.UsageFault_Handler) for UsageFault_Handler
    startup_stm32f103xb.o(RESET) refers to stm32f1xx_it.o(i.SVC_Handler) for SVC_Handler
    startup_stm32f103xb.o(RESET) refers to stm32f1xx_it.o(i.DebugMon_Handler) for DebugMon_Handler
    startup_stm32f103xb.o(RESET) refers to stm32f1xx_it.o(i.PendSV_Handler) for PendSV_Handler
    startup_stm32f103xb.o(RESET) refers to stm32f1xx_it.o(i.SysTick_Handler) for SysTick_Handler
    startup_stm32f103xb.o(RESET) refers to stm32f1xx_it.o(i.RTC_IRQHandler) for RTC_IRQHandler
    startup_stm32f103xb.o(RESET) refers to stm32f1xx_it.o(i.EXTI3_IRQHandler) for EXTI3_IRQHandler
    startup_stm32f103xb.o(RESET) refers to stm32f1xx_it.o(i.DMA1_Channel1_IRQHandler) for DMA1_Channel1_IRQHandler
    startup_stm32f103xb.o(RESET) refers to stm32f1xx_it.o(i.DMA1_Channel6_IRQHandler) for DMA1_Channel6_IRQHandler
    startup_stm32f103xb.o(RESET) refers to stm32f1xx_it.o(i.ADC1_2_IRQHandler) for ADC1_2_IRQHandler
    startup_stm32f103xb.o(RESET) refers to stm32f1xx_it.o(i.TIM2_IRQHandler) for TIM2_IRQHandler
    startup_stm32f103xb.o(RESET) refers to stm32f1xx_it.o(i.USART1_IRQHandler) for USART1_IRQHandler
    startup_stm32f103xb.o(RESET) refers to stm32f1xx_it.o(i.USART2_IRQHandler) for USART2_IRQHandler
    startup_stm32f103xb.o(RESET) refers to stm32f1xx_it.o(i.EXTI15_10_IRQHandler) for EXTI15_10_IRQHandler
    startup_stm32f103xb.o(.text) refers (Special) to heapauxi.o(.text) for __use_two_region_memory
    startup_stm32f103xb.o(.text) refers to system_stm32f1xx.o(i.SystemInit) for SystemInit
    startup_stm32f103xb.o(.text) refers to __main.o(!!!main) for __main
    startup_stm32f103xb.o(.text) refers to startup_stm32f103xb.o(HEAP) for Heap_Mem
    startup_stm32f103xb.o(.text) refers to startup_stm32f103xb.o(STACK) for Stack_Mem
    main.o(i.HAL_ADC_ConvCpltCallback) refers to main.o(.data) for .data
    main.o(i.HAL_ADC_ConvCpltCallback) refers to bsp_adc.o(.data) for ADC_Value
    main.o(i.HAL_GPIO_EXTI_Callback) refers to main.o(.data) for .data
    main.o(i.HAL_UARTEx_RxEventCallback) refers to uart_callback.o(i.__UART_CALLBack) for __UART_CALLBack
    main.o(i.SystemClock_Config) refers to rt_memclr_w.o(.text) for __aeabi_memclr4
    main.o(i.SystemClock_Config) refers to stm32f1xx_hal_rcc.o(i.HAL_RCC_OscConfig) for HAL_RCC_OscConfig
    main.o(i.SystemClock_Config) refers to stm32f1xx_hal_rcc.o(i.HAL_RCC_ClockConfig) for HAL_RCC_ClockConfig
    main.o(i.SystemClock_Config) refers to stm32f1xx_hal_rcc_ex.o(i.HAL_RCCEx_PeriphCLKConfig) for HAL_RCCEx_PeriphCLKConfig
    main.o(i.main) refers to _printf_percent.o(.ARM.Collect$$_printf_percent$$00000000) for _printf_percent
    main.o(i.main) refers to _printf_d.o(.ARM.Collect$$_printf_percent$$00000009) for _printf_d
    main.o(i.main) refers to _printf_dec.o(.text) for _printf_int_dec
    main.o(i.main) refers to stm32f1xx_hal.o(i.HAL_Init) for HAL_Init
    main.o(i.main) refers to main.o(i.SystemClock_Config) for SystemClock_Config
    main.o(i.main) refers to gpio.o(i.MX_GPIO_Init) for MX_GPIO_Init
    main.o(i.main) refers to dma.o(i.MX_DMA_Init) for MX_DMA_Init
    main.o(i.main) refers to adc.o(i.MX_ADC1_Init) for MX_ADC1_Init
    main.o(i.main) refers to rtc.o(i.MX_RTC_Init) for MX_RTC_Init
    main.o(i.main) refers to spi.o(i.MX_SPI1_Init) for MX_SPI1_Init
    main.o(i.main) refers to tim.o(i.MX_TIM1_Init) for MX_TIM1_Init
    main.o(i.main) refers to tim.o(i.MX_TIM3_Init) for MX_TIM3_Init
    main.o(i.main) refers to usart.o(i.MX_USART1_UART_Init) for MX_USART1_UART_Init
    main.o(i.main) refers to usart.o(i.MX_USART2_UART_Init) for MX_USART2_UART_Init
    main.o(i.main) refers to tim.o(i.MX_TIM2_Init) for MX_TIM2_Init
    main.o(i.main) refers to i2c.o(i.MX_I2C1_Init) for MX_I2C1_Init
    main.o(i.main) refers to bsp_oled.o(i.oled_Config) for oled_Config
    main.o(i.main) refers to bsp_rgb.o(i.RGB_Init) for RGB_Init
[...]
    I2C_MasterRequestWrite                   0x0800318d   Thumb Code   150  stm32f1xx_hal_i2c.o(i.I2C_MasterRequestWrite)
    i.I2C_RequestMemoryWrite                 0x08003228   Section        0  stm32f1xx_hal_i2c.o(i.I2C_RequestMemoryWrite)
    I2C_RequestMemoryWrite                   0x08003229   Thumb Code   162  stm32f1xx_hal_i2c.o(i.I2C_RequestMemoryWrite)
    i.I2C_WaitOnBTFFlagUntilTimeout          0x080032d0   Section        0  stm32f1xx_hal_i2c.o(i.I2C_WaitOnBTFFlagUntilTimeout)
    I2C_WaitOnBTFFlagUntilTimeout            0x080032d1   Thumb Code    76  stm32f1xx_hal_i2c.o(i.I2C_WaitOnBTFFlagUntilTimeout)
    i.I2C_WaitOnFlagUntilTimeout             0x0800331c   Section        0  stm32f1xx_hal_i2c.o(i.I2C_WaitOnFlagUntilTimeout)
    I2C_WaitOnFlagUntilTimeout               0x0800331d   Thumb Code   104  stm32f1xx_hal_i2c.o(i.I2C_WaitOnFlagUntilTimeout)
    i.I2C_WaitOnMasterAddressFlagUntilTimeout 0x08003384   Section        0  stm32f1xx_hal_i2c.o(i.I2C_WaitOnMasterAddressFlagUntilTimeout)
    I2C_WaitOnMasterAddressFlagUntilTimeout  0x08003385   Thumb Code   150  stm32f1xx_hal_i2c.o(i.I2C_WaitOnMasterAddressFlagUntilTimeout)
    i.I2C_WaitOnRXNEFlagUntilTimeout         0x0800341a   Section        0  stm32f1xx_hal_i2c.o(i.I2C_WaitOnRXNEFlagUntilTimeout)
    I2C_WaitOnRXNEFlagUntilTimeout           0x0800341b   Thumb Code   102  stm32f1xx_hal_i2c.o(i.I2C_WaitOnRXNEFlagUntilTimeout)
    i.I2C_WaitOnTXEFlagUntilTimeout          0x08003480   Section        0  stm32f1xx_hal_i2c.o(i.I2C_WaitOnTXEFlagUntilTimeout)
    I2C_WaitOnTXEFlagUntilTimeout            0x08003481   Thumb Code    76  stm32f1xx_hal_i2c.o(i.I2C_WaitOnTXEFlagUntilTimeout)
    i.MX_ADC1_Init                           0x080034cc   Section        0  adc.o(i.MX_ADC1_Init)
    i.MX_DMA_Init                            0x0800351c   Section        0  dma.o(i.MX_DMA_Init)
    i.MX_GPIO_Init                           0x08003568   Section        0  gpio.o(i.MX_GPIO_Init)
    i.MX_I2C1_Init                           0x08003620   Section        0  i2c.o(i.MX_I2C1_Init)
    i.MX_RTC_Init                            0x08003660   Section        0  rtc.o(i.MX_RTC_Init)
    i.MX_SPI1_Init                           0x080036cc   Section        0  spi.o(i.MX_SPI1_Init)
    i.MX_TIM1_Init                           0x08003714   Section        0  tim.o(i.MX_TIM1_Init)
    i.MX_TIM2_Init                           0x080037ec   Section        0  tim.o(i.MX_TIM2_Init)
    i.MX_TIM3_Init                           0x08003850   Section        0  tim.o(i.MX_TIM3_Init)
    i.MX_USART1_UART_Init                    0x08003908   Section        0  usart.o(i.MX_USART1_UART_Init)
    i.MX_USART2_UART_Init                    0x08003940   Section        0  usart.o(i.MX_USART2_UART_Init)
    i.MemManage_Handler                      0x08003978   Section        0  stm32f1xx_it.o(i.MemManage_Handler)
    i.NMI_Handler                            0x0800397a   Section        0  stm32f1xx_it.o(i.NMI_Handler)
    i.OLED_Clear                             0x0800397c   Section        0  bsp_oled.o(i.OLED_Clear)
    i.OLED_Init                              0x080039b0   Section        0  bsp_oled.o(i.OLED_Init)
    i.OLED_Set_Pos                           0x08003a58   Section        0  bsp_oled.o(i.OLED_Set_Pos)
    i.OLED_ShowCHinese                       0x08003a7a   Section        0  bsp_oled.o(i.OLED_ShowCHinese)
    i.OLED_ShowString                        0x08003ab8   Section        0  bsp_oled.o(i.OLED_ShowString)
    i.PWM_calculate                          0x08003b60   Section        0  uart_callback.o(i.PWM_calculate)
    PWM_calculate                            0x08003b61   Thumb Code    54  uart_callback.o(i.PWM_calculate)
    i.PendSV_Handler                         0x08003b96   Section        0  stm32f1xx_it.o(i.PendSV_Handler)
    i.RGB_Control                            0x08003b98   Section        0  bsp_rgb.o(i.RGB_Control)
    i.RGB_Init                               0x08003c0c   Section        0  bsp_rgb.o(i.RGB_Init)
    i.RTC_Bcd2ToByte                         0x08003c2c   Section        0  stm32f1xx_hal_rtc.o(i.RTC_Bcd2ToByte)
    RTC_Bcd2ToByte                           0x08003c2d   Thumb Code    18  stm32f1xx_hal_rtc.o(i.RTC_Bcd2ToByte)
    i.RTC_EnterInitMode                      0x08003c3e   Section        0  stm32f1xx_hal_rtc.o(i.RTC_EnterInitMode)
    RTC_EnterInitMode                        0x08003c3f   Thumb Code    52  stm32f1xx_hal_rtc.o(i.RTC_EnterInitMode)
    i.RTC_ExitInitMode                       0x08003c74   Section        0  stm32f1xx_hal_rtc.o(i.RTC_ExitInitMode)
    RTC_ExitInitMode                         0x08003c75   Thumb Code    54  stm32f1xx_hal_rtc.o(i.RTC_ExitInitMode)
    i.RTC_IRQHandler                         0x08003cac   Section        0  stm32f1xx_it.o(i.RTC_IRQHandler)
    i.RTC_ReadAlarmCounter                   0x08003cb8   Section        0  stm32f1xx_hal_rtc.o(i.RTC_ReadAlarmCounter)
    RTC_ReadAlarmCounter                     0x08003cb9   Thumb Code    14  stm32f1xx_hal_rtc.o(i.RTC_ReadAlarmCounter)
    i.RTC_ReadTimeCounter                    0x08003cc6   Section        0  stm32f1xx_hal_rtc.o(i.RTC_ReadTimeCounter)
    RTC_ReadTimeCounter                      0x08003cc7   Thumb Code    32  stm32f1xx_hal_rtc.o(i.RTC_ReadTimeCounter)
    i.RTC_WeekDayNum                         0x08003ce6   Section        0  stm32f1xx_hal_rtc.o(i.RTC_WeekDayNum)
    RTC_WeekDayNum                           0x08003ce7   Thumb Code    86  stm32f1xx_hal_rtc.o(i.RTC_WeekDayNum)
    i.RTC_WriteAlarmCounter                  0x08003d3c   Section        0  stm32f1xx_hal_rtc.o(i.RTC_WriteAlarmCounter)
    RTC_WriteAlarmCounter                    0x08003d3d   Thumb Code    40  stm32f1xx_hal_rtc.o(i.RTC_WriteAlarmCounter)
    i.RTC_WriteTimeCounter                   0x08003d64   Section        0  stm32f1xx_hal_rtc.o(i.RTC_WriteTimeCounter)
    RTC_WriteTimeCounter                     0x08003d65   Thumb Code    40  stm32f1xx_hal_rtc.o(i.RTC_WriteTimeCounter)
    i.Read_BH1750                            0x08003d8c   Section        0  bsp_gy302.o(i.Read_BH1750)
    i.SPI_Draw_ChineseString                 0x08003dcc   Section        0  bsp_oled.o(i.SPI_Draw_ChineseString)
    i.SPI_EndRxTxTransaction                 0x08003e42   Section        0  stm32f1xx_hal_spi.o(i.SPI_EndRxTxTransaction)
    SPI_EndRxTxTransaction                   0x08003e43   Thumb Code    32  stm32f1xx_hal_spi.o(i.SPI_EndRxTxTransaction)
    i.SPI_WaitFlagStateUntilTimeout          0x08003e64   Section        0  stm32f1xx_hal_spi.o(i.SPI_WaitFlagStateUntilTimeout)
    SPI_WaitFlagStateUntilTimeout            0x08003e65   Thumb Code   180  stm32f1xx_hal_spi.o(i.SPI_WaitFlagStateUntilTimeout)
    i.SVC_Handler                            0x08003f1c   Section        0  stm32f1xx_it.o(i.SVC_Handler)
    i.SysTick_Handler                        0x08003f1e   Section        0  stm32f1xx_it.o(i.SysTick_Handler)
    i.SystemClock_Config                     0x08003f22   Section        0  main.o(i.SystemClock_Config)
    i.SystemInit                             0x08003faa   Section        0  system_stm32f1xx.o(i.SystemInit)
    i.TIM2_IRQHandler                        0x08003fac   Section        0  stm32f1xx_it.o(i.TIM2_IRQHandler)
    i.TIM_Base_SetConfig                     0x08003fb8   Section        0  stm32f1xx_hal_tim.o(i.TIM_Base_SetConfig)
    i.TIM_CCxChannelCmd                      0x08004014   Section        0  stm32f1xx_hal_tim.o(i.TIM_CCxChannelCmd)
    i.TIM_ETR_SetConfig                      0x0800402e   Section        0  stm32f1xx_hal_tim.o(i.TIM_ETR_SetConfig)
    i.TIM_ITRx_SetConfig                     0x08004042   Section        0  stm32f1xx_hal_tim.o(i.TIM_ITRx_SetConfig)
    TIM_ITRx_SetConfig                       0x08004043   Thumb Code    16  stm32f1xx_hal_tim.o(i.TIM_ITRx_SetConfig)
    i.TIM_OC1_SetConfig                      0x08004054   Section        0  stm32f1xx_hal_tim.o(i.TIM_OC1_SetConfig)
    TIM_OC1_SetConfig                        0x08004055   Thumb Code    74  stm32f1xx_hal_tim.o(i.TIM_OC1_SetConfig)
    i.TIM_OC2_SetConfig                      0x080040a4   Section        0  stm32f1xx_hal_tim.o(i.TIM_OC2_SetConfig)
    i.TIM_OC3_SetConfig                      0x080040fc   Section        0  stm32f1xx_hal_tim.o(i.TIM_OC3_SetConfig)
    TIM_OC3_SetConfig                        0x080040fd   Thumb Code    82  stm32f1xx_hal_tim.o(i.TIM_OC3_SetConfig)
    i.TIM_OC4_SetConfig                      0x08004154   Section        0  stm32f1xx_hal_tim.o(i.TIM_OC4_SetConfig)
    TIM_OC4_SetConfig                        0x08004155   Thumb Code    64  stm32f1xx_hal_tim.o(i.TIM_OC4_SetConfig)
    i.TIM_TI1_ConfigInputStage               0x08004198   Section        0  stm32f1xx_hal_tim.o(i.TIM_TI1_ConfigInputStage)
    TIM_TI1_ConfigInputStage                 0x08004199   Thumb Code    34  stm32f1xx_hal_tim.o(i.TIM_TI1_ConfigInputStage)
    i.TIM_TI2_ConfigInputStage               0x080041ba   Section        0  stm32f1xx_hal_tim.o(i.TIM_TI2_ConfigInputStage)
    TIM_TI2_ConfigInputStage                 0x080041bb   Thumb Code    36  stm32f1xx_hal_tim.o(i.TIM_TI2_ConfigInputStage)
    i.UART2_Cmd_Handle                       0x080041e0   Section        0  uart_callback.o(i.UART2_Cmd_Handle)
    UART2_Cmd_Handle                         0x080041e1   Thumb Code   292  uart_callback.o(i.UART2_Cmd_Handle)
    i.UART_DMAAbortOnError                   0x0800430c   Section        0  stm32f1xx_hal_uart.o(i.UART_DMAAbortOnError)
    UART_DMAAbortOnError                     0x0800430d   Thumb Code    16  stm32f1xx_hal_uart.o(i.UART_DMAAbortOnError)
    i.UART_DMAError                          0x0800431c   Section        0  stm32f1xx_hal_uart.o(i.UART_DMAError)
    UART_DMAError                            0x0800431d   Thumb Code    74  stm32f1xx_hal_uart.o(i.UART_DMAError)
    i.UART_DMAReceiveCplt                    0x08004366   Section        0  stm32f1xx_hal_uart.o(i.UART_DMAReceiveCplt)
    UART_DMAReceiveCplt                      0x08004367   Thumb Code    90  stm32f1xx_hal_uart.o(i.UART_DMAReceiveCplt)
    i.UART_DMARxHalfCplt                     0x080043c0   Section        0  stm32f1xx_hal_uart.o(i.UART_DMARxHalfCplt)
    UART_DMARxHalfCplt                       0x080043c1   Thumb Code    26  stm32f1xx_hal_uart.o(i.UART_DMARxHalfCplt)
    i.UART_EndRxTransfer                     0x080043da   Section        0  stm32f1xx_hal_uart.o(i.UART_EndRxTransfer)
    UART_EndRxTransfer                       0x080043db   Thumb Code    48  stm32f1xx_hal_uart.o(i.UART_EndRxTransfer)
    i.UART_EndTxTransfer                     0x0800440a   Section        0  stm32f1xx_hal_uart.o(i.UART_EndTxTransfer)
    UART_EndTxTransfer                       0x0800440b   Thumb Code    18  stm32f1xx_hal_uart.o(i.UART_EndTxTransfer)
    i.UART_Receive_IT                        0x0800441c   Section        0  stm32f1xx_hal_uart.o(i.UART_Receive_IT)
    UART_Receive_IT                          0x0800441d   Thumb Code   182  stm32f1xx_hal_uart.o(i.UART_Receive_IT)
    i.UART_SetConfig                         0x080044d4   Section        0  stm32f1xx_hal_uart.o(i.UART_SetConfig)
    UART_SetConfig                           0x080044d5   Thumb Code   178  stm32f1xx_hal_uart.o(i.UART_SetConfig)
    i.UART_Start_Receive_DMA                 0x0800458c   Section        0  stm32f1xx_hal_uart.o(i.UART_Start_Receive_DMA)
    i.USART1_IRQHandler                      0x080045fc   Section        0  stm32f1xx_it.o(i.USART1_IRQHandler)
    i.USART2_IRQHandler                      0x08004608   Section        0  stm32f1xx_it.o(i.USART2_IRQHandler)
    i.UsageFault_Handler                     0x08004614   Section        0  stm32f1xx_it.o(i.UsageFault_Handler)
    i.W25QXX_Read                            0x08004618   Section        0  bsp_w25q64.o(i.W25QXX_Read)
    i.W25QXX_SPI_ReadWriteByte               0x08004678   Section        0  bsp_w25q64.o(i.W25QXX_SPI_ReadWriteByte)
    W25QXX_SPI_ReadWriteByte                 0x08004679   Thumb Code    40  bsp_w25q64.o(i.W25QXX_SPI_ReadWriteByte)
    i.Write_BH1750                           0x080046a4   Section        0  bsp_gy302.o(i.Write_BH1750)
    i.Write_IIC_Command                      0x080046c8   Section        0  bsp_oled.o(i.Write_IIC_Command)
    i.Write_IIC_Data                         0x080046ec   Section        0  bsp_oled.o(i.Write_IIC_Data)
    i.__NVIC_SetPriority                     0x08004710   Section        0  stm32f1xx_hal_cortex.o(i.__NVIC_SetPriority)
    __NVIC_SetPriority                       0x08004711   Thumb Code    32  stm32f1xx_hal_cortex.o(i.__NVIC_SetPriority)
    i.__UART_CALLBack                        0x08004730   Section        0  uart_callback.o(i.__UART_CALLBack)
    i.conversion                             0x08004780   Section        0  bsp_gy302.o(i.conversion)
    i.main                                   0x080047e0   Section        0  main.o(i.main)
    i.oled_Config                            0x08004914   Section        0  bsp_oled.o(i.oled_Config)
    x$fpl$d2f                                0x08004924   Section       98  d2f.o(x$fpl$d2f)
    x$fpl$ddiv                               0x08004988   Section      688  ddiv.o(x$fpl$ddiv)
    ddiv_entry                               0x0800498f   Thumb Code     0  ddiv.o(x$fpl$ddiv)
    x$fpl$dfixu                              0x08004c38   Section       90  dfixu.o(x$fpl$dfixu)
    x$fpl$dnaninf                            0x08004c92   Section      156  dnaninf.o(x$fpl$dnaninf)
    x$fpl$dretinf                            0x08004d2e   Section       12  dretinf.o(x$fpl$dretinf)
    x$fpl$f2d                                0x08004d3c   Section       86  f2d.o(x$fpl$f2d)
    x$fpl$ffixu                              0x08004d94   Section       62  ffixu.o(x$fpl$ffixu)
    x$fpl$ffltu                              0x08004dd4   Section       38  fflt_clz.o(x$fpl$ffltu)
    x$fpl$fnaninf                            0x08004dfa   Section      140  fnaninf.o(x$fpl$fnaninf)
    x$fpl$fretinf                            0x08004e86   Section       10  fretinf.o(x$fpl$fretinf)
    .constdata                               0x08004e90   Section     1520  bsp_oled.o(.constdata)
    x$fpl$usenofp                            0x08004e90   Section        0  usenofp.o(x$fpl$usenofp)
    .constdata                               0x08005480   Section       16  system_stm32f1xx.o(.constdata)
    .constdata                               0x08005490   Section        8  system_stm32f1xx.o(.constdata)
    .data                                    0x20000000   Section        6  main.o(.data)
    .data                                    0x20000006   Section        2  bsp_adc.o(.data)
    .data                                    0x20000008   Section        5  bsp_gy302.o(.data)
    .data                                    0x2000000d   Section      552  bsp_oled.o(.data)
    .data                                    0x20000235   Section        1  uart_callback.o(.data)
    .data                                    0x20000238   Section       12  stm32f1xx_hal.o(.data)
    .data                                    0x20000244   Section        4  system_stm32f1xx.o(.data)
    .bss                                     0x20000248   Section       50  main.o(.bss)
    .bss                                     0x2000027c   Section      116  adc.o(.bss)
    .bss                                     0x200002f0   Section       84  i2c.o(.bss)
    .bss                                     0x20000344   Section       20  rtc.o(.bss)
    .bss                                     0x20000358   Section       88  spi.o(.bss)
    .bss                                     0x200003b0   Section      216  tim.o(.bss)
    .bss                                     0x20000488   Section      204  usart.o(.bss)
    .bss                                     0x20000554   Section       16  bsp_rgb.o(.bss)
    .bss                                     0x20000564   Section       96  libspace.o(.bss)
    HEAP                                     0x200005c8   Section      512  startup_stm32f103xb.o(HEAP)
    Heap_Mem                                 0x200005c8   Data         512  startup_stm32f103xb.o(HEAP)
    STACK                                    0x200007c8   Section     1024  startup_stm32f103xb.o(STACK)
    Stack_Mem                                0x200007c8   Data        1024  startup_stm32f103xb.o(STACK)
    __initial_sp                             0x20000bc8   Data           0  startup_stm32f103xb.o(STACK)

    Global Symbols

    Symbol Name                              Value     Ov Type        Size  Object(Section)

    BuildAttributes$$THM_ISAv4$P$D$K$B$S$PE$A:L22UL41UL21$X:L11$S22US41US21$IEEE1$IW$USESV6$~STKCKD$USESV7$~SHL$OSPACE$ROPI$EBA8$UX$STANDARDLIB$REQ8$PRES8$EABIv2 0x00000000   Number         0  anon$$obj.o ABSOLUTE
    __ARM_use_no_argv                        0x00000000   Number         0  main.o ABSOLUTE
    __ARM_exceptions_init                     - Undefined Weak Reference
    __alloca_initialize                       - Undefined Weak Reference
    __arm_preinit_                            - Undefined Weak Reference
    __cpp_initialize__aeabi_                  - Undefined Weak Reference
    __cxa_finalize                            - Undefined Weak Reference
    __rt_locale                               - Undefined Weak Reference
    __sigvec_lookup                           - Undefined Weak Reference
    _atexit_init                              - Undefined Weak Reference
    _call_atexit_fns                          - Undefined Weak Reference
    _clock_init                               - Undefined Weak Reference
    _fp_trap_init                             - Undefined Weak Reference
    _fp_trap_shutdown                         - Undefined Weak Reference
    _get_lc_collate                           - Undefined Weak Reference
    _get_lc_ctype                             - Undefined Weak Reference
    _get_lc_monetary                          - Undefined Weak Reference
    _get_lc_numeric                           - Undefined Weak Reference
    _get_lc_time                              - Undefined Weak Reference
    _getenv_init                              - Undefined Weak Reference
    _handle_redirection                       - Undefined Weak Reference
    _init_alloc                               - Undefined Weak Reference
    _init_user_alloc                          - Undefined Weak Reference
    _initio                                   - Undefined Weak Reference
    _printf_post_padding                      - Undefined Weak Reference
    _printf_pre_padding                       - Undefined Weak Reference
    _printf_truncate_signed                   - Undefined Weak Reference
    _printf_truncate_unsigned                 - Undefined Weak Reference
    _rand_init                                - Undefined Weak Reference
    _signal_finish                            - Undefined Weak Reference
    _signal_init                              - Undefined Weak Reference
    _terminate_alloc                          - Undefined Weak Reference
    _terminate_user_alloc                     - Undefined Weak Reference
    _terminateio                              - Undefined Weak Reference
    __Vectors_Size                           0x000000ec   Number         0  startup_stm32f103xb.o ABSOLUTE
    __Vectors                                0x08000000   Data           4  startup_stm32f103xb.o(RESET)
    __Vectors_End                            0x080000ec   Data           0  startup_stm32f103xb.o(RESET)
    __main                                   0x080000ed   Thumb Code     8  __main.o(!!!main)
    __scatterload                            0x080000f5   Thumb Code     0  __scatter.o(!!!scatter)
    __scatterload_rt2                        0x080000f5   Thumb Code    44  __scatter.o(!!!scatter)
    __scatterload_rt2_thumb_only             0x080000f5   Thumb Code     0  __scatter.o(!!!scatter)
    __scatterload_null                       0x08000103   Thumb Code     0  __scatter.o(!!!scatter)
    __decompress                             0x08000129   Thumb Code    90  __dczerorl2.o(!!dczerorl2)
    __decompress1                            0x08000129   Thumb Code     0  __dczerorl2.o(!!dczerorl2)
    __scatterload_zeroinit                   0x08000185   Thumb Code    28  __scatter_zi.o(!!handler_zi)
    _printf_d                                0x080001a1   Thumb Code     0  _printf_d.o(.ARM.Collect$$_printf_percent$$00000009)
    _printf_percent                          0x080001a1   Thumb Code     0  _printf_percent.o(.ARM.Collect$$_printf_percent$$00000000)
    _printf_percent_end                      0x080001a7   Thumb Code     0  _printf_percent_end.o(.ARM.Collect$$_printf_percent$$00000017)
    __rt_lib_init                            0x080001ab   Thumb Code     0  libinit.o(.ARM.Collect$$libinit$$00000000)
    __rt_lib_init_alloca_1                   0x080001ad   Thumb Code     0  libinit2.o(.ARM.Collect$$libinit$$0000002E)
    __rt_lib_init_argv_1                     0x080001ad   Thumb Code     0  libinit2.o(.ARM.Collect$$libinit$$0000002C)
    __rt_lib_init_atexit_1                   0x080001ad   Thumb Code     0  libinit2.o(.ARM.Collect$$libinit$$0000001B)
    __rt_lib_init_clock_1                    0x080001ad   Thumb Code     0  libinit2.o(.ARM.Collect$$libinit$$00000021)
    __rt_lib_init_cpp_1                      0x080001ad   Thumb Code     0  libinit2.o(.ARM.Collect$$libinit$$00000032)
    __rt_lib_init_exceptions_1               0x080001ad   Thumb Code     0  libinit2.o(.ARM.Collect$$libinit$$00000030)
    __rt_lib_init_fp_1                       0x080001ad   Thumb Code     0  libinit2.o(.ARM.Collect$$libinit$$00000002)
    __rt_lib_init_fp_trap_1                  0x080001ad   Thumb Code     0  libinit2.o(.ARM.Collect$$libinit$$0000001F)
    __rt_lib_init_getenv_1                   0x080001ad   Thumb Code     0  libinit2.o(.ARM.Collect$$libinit$$00000023)
    __rt_lib_init_heap_1                     0x080001ad   Thumb Code     0  libinit2.o(.ARM.Collect$$libinit$$0000000A)
    __rt_lib_init_lc_collate_1               0x080001ad   Thumb Code     0  libinit2.o(.ARM.Collect$$libinit$$00000011)
    __rt_lib_init_lc_ctype_1                 0x080001ad   Thumb Code     0  libinit2.o(.ARM.Collect$$libinit$$00000013)
    __rt_lib_init_lc_monetary_1              0x080001ad   Thumb Code     0  libinit2.o(.ARM.Collect$$libinit$$00000015)
    __rt_lib_init_lc_numeric_1               0x080001ad   Thumb Code     0  libinit2.o(.ARM.Collect$$libinit$$00000017)
    __rt_lib_init_lc_time_1                  0x080001ad   Thumb Code     0  libinit2.o(.ARM.Collect$$libinit$$00000019)
    __rt_lib_init_preinit_1                  0x080001ad   Thumb Code     0  libinit2.o(.ARM.Collect$$libinit$$00000004)
    __rt_lib_init_rand_1                     0x080001ad   Thumb Code     0  libinit2.o(.ARM.Collect$$libinit$$0000000E)
    __rt_lib_init_return                     0x080001ad   Thumb Code     0  libinit2.o(.ARM.Collect$$libinit$$00000033)
    __rt_lib_init_signal_1                   0x080001ad   Thumb Code     0  libinit2.o(.ARM.Collect$$libinit$$0000001D)
    __rt_lib_init_stdio_1                    0x080001ad   Thumb Code     0  libinit2.o(.ARM.Collect$$libinit$$00000025)
    __rt_lib_init_user_alloc_1               0x080001ad   Thumb Code     0  libinit2.o(.ARM.Collect$$libinit$$0000000C)
    __rt_lib_shutdown                        0x080001af   Thumb Code     0  libshutdown.o(.ARM.Collect$$libshutdown$$00000000)
    __rt_lib_shutdown_cpp_1                  0x080001b1   Thumb Code     0  libshutdown2.o(.ARM.Collect$$libshutdown$$00000002)
    __rt_lib_shutdown_fp_trap_1              0x080001b1   Thumb Code     0  libshutdown2.o(.ARM.Collect$$libshutdown$$00000007)
    __rt_lib_shutdown_heap_1                 0x080001b1   Thumb Code     0  libshutdown2.o(.ARM.Collect$$libshutdown$$0000000F)
    __rt_lib_shutdown_return                 0x080001b1   Thumb Code     0  libshutdown2.o(.ARM.Collect$$libshutdown$$00000010)
    __rt_lib_shutdown_signal_1               0x080001b1   Thumb Code     0  libshutdown2.o(.ARM.Collect$$libshutdown$$0000000A)
    __rt_lib_shutdown_stdio_1                0x080001b1   Thumb Code     0  libshutdown2.o(.ARM.Collect$$libshutdown$$00000004)
    __rt_lib_shutdown_user_alloc_1           0x080001b1   Thumb Code     0  libshutdown2.o(.ARM.Collect$$libshutdown$$0000000C)
    __rt_entry                               0x080001b3   Thumb Code     0  __rtentry.o(.ARM.Collect$$rtentry$$00000000)
    __rt_entry_presh_1                       0x080001b3   Thumb Code     0  __rtentry2.o(.ARM.Collect$$rtentry$$00000002)
    __rt_entry_sh                            0x080001b3   Thumb Code     0  __rtentry4.o(.ARM.Collect$$rtentry$$00000004)
    __rt_entry_li                            0x080001b9   Thumb Code     0  __rtentry2.o(.ARM.Collect$$rtentry$$0000000A)
    __rt_entry_postsh_1                      0x080001b9   Thumb Code     0  __rtentry2.o(.ARM.Collect$$rtentry$$00000009)
    __rt_entry_main                          0x080001bd   Thumb Code     0  __rtentry2.o(.ARM.Collect$$rtentry$$0000000D)
    __rt_entry_postli_1                      0x080001bd   Thumb Code     0  __rtentry2.o(.ARM.Collect$$rtentry$$0000000C)
    __rt_exit                                0x080001c5   Thumb Code     0  rtexit.o(.ARM.Collect$$rtexit$$00000000)
    __rt_exit_ls                             0x080001c7   Thumb Code     0  rtexit2.o(.ARM.Collect$$rtexit$$00000003)
    __rt_exit_prels_1                        0x080001c7   Thumb Code     0  rtexit2.o(.ARM.Collect$$rtexit$$00000002)
    __rt_exit_exit                           0x080001cb   Thumb Code     0  rtexit2.o(.ARM.Collect$$rtexit$$00000004)
    Reset_Handler                            0x080001d1   Thumb Code     8  startup_stm32f103xb.o(.text)
    CAN1_RX1_IRQHandler                      0x080001eb   Thumb Code     0  startup_stm32f103xb.o(.text)
    CAN1_SCE_IRQHandler                      0x080001eb   Thumb Code     0  startup_stm32f103xb.o(.text)
    DMA1_Channel2_IRQHandler                 0x080001eb   Thumb Code     0  startup_stm32f103xb.o(.text)
    DMA1_Channel3_IRQHandler                 0x080001eb   Thumb Code     0  startup_stm32f103xb.o(.text)
    DMA1_Channel4_IRQHandler                 0x080001eb   Thumb Code     0  startup_stm32f103xb.o(.text)
    DMA1_Channel5_IRQHandler                 0x080001eb   Thumb Code     0  startup_stm32f103xb.o(.text)
    DMA1_Channel7_IRQHandler                 0x080001eb   Thumb Code     0  startup_stm32f103xb.o(.text)
    EXTI0_IRQHandler                         0x080001eb   Thumb Code     0  startup_stm32f103xb.o(.text)
    EXTI1_IRQHandler                         0x080001eb   Thumb Code     0  startup_stm32f103xb.o(.text)
    EXTI2_IRQHandler                         0x080001eb   Thumb Code     0  startup_stm32f103xb.o(.text)
    EXTI4_IRQHandler                         0x080001eb   Thumb Code     0  startup_stm32f103xb.o(.text)
    EXTI9_5_IRQHandler                       0x080001eb   Thumb Code     0  startup_stm32f103xb.o(.text)
    FLASH_IRQHandler                         0x080001eb   Thumb Code     0  startup_stm32f103xb.o(.text)
    I2C1_ER_IRQHandler                       0x080001eb   Thumb Code     0  startup_stm32f103xb.o(.text)
    I2C1_EV_IRQHandler                       0x080001eb   Thumb Code     0  startup_stm32f103xb.o(.text)
    I2C2_ER_IRQHandler                       0x080001eb   Thumb Code     0  startup_stm32f103xb.o(.text)
    I2C2_EV_IRQHandler                       0x080001eb   Thumb Code     0  startup_stm32f103xb.o(.text)
    PVD_IRQHandler                           0x080001eb   Thumb Code     0  startup_stm32f103xb.o(.text)
    RCC_IRQHandler                           0x080001eb   Thumb Code     0  startup_stm32f103xb.o(.text)
    RTC_Alarm_IRQHandler                     0x080001eb   Thumb Code     0  startup_stm32f103xb.o(.text)
    SPI1_IRQHandler                          0x080001eb   Thumb Code     0  startup_stm32f103xb.o(.text)
    SPI2_IRQHandler                          0x080001eb   Thumb Code     0  startup_stm32f103xb.o(.text)
    TAMPER_IRQHandler                        0x080001eb   Thumb Code     0  startup_stm32f103xb.o(.text)
    TIM1_BRK_IRQHandler                      0x080001eb   Thumb Code     0  startup_stm32f103xb.o(.text)
    TIM1_CC_IRQHandler                       0x080001eb   Thumb Code     0  startup_stm32f103xb.o(.text)
    TIM1_TRG_COM_IRQHandler                  0x080001eb   Thumb Code     0  startup_stm32f103xb.o(.text)
    TIM1_UP_IRQHandler                       0x080001eb   Thumb Code     0  startup_stm32f103xb.o(.text)
    TIM3_IRQHandler                          0x080001eb   Thumb Code     0  startup_stm32f103xb.o(.text)
    TIM4_IRQHandler                          0x080001eb   Thumb Code     0  startup_stm32f103xb.o(.text)
    USART3_IRQHandler                        0x080001eb   Thumb Code     0  startup_stm32f103xb.o(.text)
    USBWakeUp_IRQHandler                     0x080001eb   Thumb Code     0  startup_stm32f103xb.o(.text)
    USB_HP_CAN1_TX_IRQHandler                0x080001eb   Thumb Code     0  startup_stm32f103xb.o(.text)
    USB_LP_CAN1_RX0_IRQHandler               0x080001eb   Thumb Code     0  startup_stm32f103xb.o(.text)
    WWDG_IRQHandler                          0x080001eb   Thumb Code     0  startup_stm32f103xb.o(.text)
    __user_initial_stackheap                 0x080001ed   Thumb Code     0  startup_stm32f103xb.o(.text)
    __2sprintf                               0x08000211   Thumb Code    34  noretval__2sprintf.o(.text)
    __printf                                 0x08000239   Thumb Code   104  __printf.o(.text)
    _printf_int_dec                          0x080002a1   Thumb Code   104  _printf_dec.o(.text)
    strcpy                                   0x08000319   Thumb Code    72  strcpy.o(.text)
    strlen                                   0x08000361   Thumb Code    62  strlen.o(.text)
    __aeabi_memcpy                           0x0800039f   Thumb Code     0  rt_memcpy_v6.o(.text)
    __rt_memcpy                              0x0800039f   Thumb Code   138  rt_memcpy_v6.o(.text)
    _memcpy_lastbytes                        0x08000405   Thumb Code     0  rt_memcpy_v6.o(.text)
    __aeabi_memclr                           0x08000429   Thumb Code     0  rt_memclr.o(.text)
    __rt_memclr                              0x08000429   Thumb Code    68  rt_memclr.o(.text)
    _memset                                  0x0800042d   Thumb Code     0  rt_memclr.o(.text)
    __aeabi_memclr4                          0x0800046d   Thumb Code     0  rt_memclr_w.o(.text)
    __aeabi_memclr8                          0x0800046d   Thumb Code     0  rt_memclr_w.o(.text)
    __rt_memclr_w                            0x0800046d   Thumb Code    78  rt_memclr_w.o(.text)
    _memset_w                                0x08000471   Thumb Code     0  rt_memclr_w.o(.text)
    __use_two_region_memory                  0x080004bb   Thumb Code     2  heapauxi.o(.text)
    __rt_heap_escrow$2region                 0x080004bd   Thumb Code     2  heapauxi.o(.text)
    __rt_heap_expand$2region                 0x080004bf   Thumb Code     2  heapauxi.o(.text)
    _printf_int_common                       0x080004c1   Thumb Code   178  _printf_intcommon.o(.text)
    _printf_char_common                      0x0800057f   Thumb Code    32  _printf_char_common.o(.text)
    _sputc                                   0x080005a5   Thumb Code    10  _sputc.o(.text)
    __aeabi_memcpy4                          0x080005af   Thumb Code     0  rt_memcpy_w.o(.text)
    __aeabi_memcpy8                          0x080005af   Thumb Code     0  rt_memcpy_w.o(.text)
    __rt_memcpy_w                            0x080005af   Thumb Code   100  rt_memcpy_w.o(.text)
    _memcpy_lastbytes_aligned                0x080005f7   Thumb Code     0  rt_memcpy_w.o(.text)
    __user_setup_stackheap                   0x08000613   Thumb Code    74  sys_stackheap_outer.o(.text)
    exit                                     0x0800065d   Thumb Code    18  exit.o(.text)
    __user_libspace                          0x08000671   Thumb Code     8  libspace.o(.text)
    __user_perproc_libspace                  0x08000671   Thumb Code     0  libspace.o(.text)
    __user_perthread_libspace                0x08000671   Thumb Code     0  libspace.o(.text)
    _sys_exit                                0x08000679   Thumb Code     8  sys_exit.o(.text)
    __I$use$semihosting                      0x08000685   Thumb Code     0  use_no_semi.o(.text)
    __use_no_semihosting_swi                 0x08000685   Thumb Code     2  use_no_semi.o(.text)
    __semihosting_library_function           0x08000687   Thumb Code     0  indicate_semi.o(.text)
    ADC1_2_IRQHandler                        0x08000689   Thumb Code     6  stm32f1xx_it.o(i.ADC1_2_IRQHandler)
    ADC_ConversionStop_Disable               0x08000695   Thumb Code    86  stm32f1xx_hal_adc.o(i.ADC_ConversionStop_Disable)
    ADC_Enable                               0x080006ed   Thumb Code   114  stm32f1xx_hal_adc.o(i.ADC_Enable)
    ADC_ReadValue                            0x08000769   Thumb Code    20  bsp_adc.o(i.ADC_ReadValue)
    BusFault_Handler                         0x08000785   Thumb Code     2  stm32f1xx_it.o(i.BusFault_Handler)
    DMA1_Channel1_IRQHandler                 0x08000789   Thumb Code     6  stm32f1xx_it.o(i.DMA1_Channel1_IRQHandler)
    DMA1_Channel6_IRQHandler                 0x08000795   Thumb Code     6  stm32f1xx_it.o(i.DMA1_Channel6_IRQHandler)
    DebugMon_Handler                         0x080007cb   Thumb Code     2  stm32f1xx_it.o(i.DebugMon_Handler)
    EXTI15_10_IRQHandler                     0x080007cd   Thumb Code    22  stm32f1xx_it.o(i.EXTI15_10_IRQHandler)
    EXTI3_IRQHandler                         0x080007e3   Thumb Code     6  stm32f1xx_it.o(i.EXTI3_IRQHandler)
    Error_Handler                            0x080007e9   Thumb Code     4  main.o(i.Error_Handler)
    GY302_display_test                       0x080007ed   Thumb Code    42  bsp_gy302.o(i.GY302_display_test)
    HAL_ADCEx_InjectedConvCpltCallback       0x08000825   Thumb Code     2  stm32f1xx_hal_adc_ex.o(i.HAL_ADCEx_InjectedConvCpltCallback)
    HAL_ADC_ConfigChannel                    0x08000829   Thumb Code   240  stm32f1xx_hal_adc.o(i.HAL_ADC_ConfigChannel)
    HAL_ADC_ConvCpltCallback                 0x08000925   Thumb Code    34  main.o(i.HAL_ADC_ConvCpltCallback)
    HAL_ADC_GetValue                         0x08000955   Thumb Code     6  stm32f1xx_hal_adc.o(i.HAL_ADC_GetValue)
    HAL_ADC_IRQHandler                       0x0800095b   Thumb Code   230  stm32f1xx_hal_adc.o(i.HAL_ADC_IRQHandler)
    HAL_ADC_Init                             0x08000a41   Thumb Code   272  stm32f1xx_hal_adc.o(i.HAL_ADC_Init)
    HAL_ADC_LevelOutOfWindowCallback         0x08000b5d   Thumb Code     2  stm32f1xx_hal_adc.o(i.HAL_ADC_LevelOutOfWindowCallback)
    HAL_ADC_MspInit                          0x08000b61   Thumb Code   134  adc.o(i.HAL_ADC_MspInit)
    HAL_ADC_Start_IT                         0x08000bfd   Thumb Code   194  stm32f1xx_hal_adc.o(i.HAL_ADC_Start_IT)
    HAL_DMA_Abort                            0x08000cc9   Thumb Code    70  stm32f1xx_hal_dma.o(i.HAL_DMA_Abort)
    HAL_DMA_Abort_IT                         0x08000d11   Thumb Code   148  stm32f1xx_hal_dma.o(i.HAL_DMA_Abort_IT)
    HAL_DMA_IRQHandler                       0x08000da9   Thumb Code   316  stm32f1xx_hal_dma.o(i.HAL_DMA_IRQHandler)
    HAL_DMA_Init                             0x08000efd   Thumb Code    84  stm32f1xx_hal_dma.o(i.HAL_DMA_Init)
    HAL_DMA_Start_IT                         0x08000f59   Thumb Code   112  stm32f1xx_hal_dma.o(i.HAL_DMA_Start_IT)
    HAL_Delay                                0x08000fc9   Thumb Code    32  stm32f1xx_hal.o(i.HAL_Delay)
    HAL_GPIO_EXTI_Callback                   0x08000fed   Thumb Code    46  main.o(i.HAL_GPIO_EXTI_Callback)
    HAL_GPIO_EXTI_IRQHandler                 0x08001021   Thumb Code    18  stm32f1xx_hal_gpio.o(i.HAL_GPIO_EXTI_IRQHandler)
    HAL_GPIO_Init                            0x08001039   Thumb Code   418  stm32f1xx_hal_gpio.o(i.HAL_GPIO_Init)
    HAL_GPIO_WritePin                        0x080011f9   Thumb Code    10  stm32f1xx_hal_gpio.o(i.HAL_GPIO_WritePin)
    HAL_GetTick                              0x08001205   Thumb Code     6  stm32f1xx_hal.o(i.HAL_GetTick)
    HAL_I2C_Init                             0x08001211   Thumb Code   376  stm32f1xx_hal_i2c.o(i.HAL_I2C_Init)
    HAL_I2C_Master_Receive                   0x08001399   Thumb Code   564  stm32f1xx_hal_i2c.o(i.HAL_I2C_Master_Receive)
    HAL_I2C_Master_Transmit                  0x080015dd   Thumb Code   290  stm32f1xx_hal_i2c.o(i.HAL_I2C_Master_Transmit)
    HAL_I2C_Mem_Write                        0x08001709   Thumb Code   294  stm32f1xx_hal_i2c.o(i.HAL_I2C_Mem_Write)
    HAL_I2C_MspInit                          0x08001839   Thumb Code    80  i2c.o(i.HAL_I2C_MspInit)
    HAL_IncTick                              0x08001895   Thumb Code    12  stm32f1xx_hal.o(i.HAL_IncTick)
    HAL_Init                                 0x080018a5   Thumb Code    32  stm32f1xx_hal.o(i.HAL_Init)
    HAL_InitTick                             0x080018c9   Thumb Code    54  stm32f1xx_hal.o(i.HAL_InitTick)
    HAL_MspInit                              0x08001909   Thumb Code    52  stm32f1xx_hal_msp.o(i.HAL_MspInit)
    HAL_NVIC_EnableIRQ                       0x08001945   Thumb Code    26  stm32f1xx_hal_cortex.o(i.HAL_NVIC_EnableIRQ)
    HAL_NVIC_SetPriority                     0x08001961   Thumb Code    60  stm32f1xx_hal_cortex.o(i.HAL_NVIC_SetPriority)
    HAL_NVIC_SetPriorityGrouping             0x080019a1   Thumb Code    26  stm32f1xx_hal_cortex.o(i.HAL_NVIC_SetPriorityGrouping)
    HAL_PWR_EnableBkUpAccess                 0x080019c5   Thumb Code     8  stm32f1xx_hal_pwr.o(i.HAL_PWR_EnableBkUpAccess)
    HAL_RCCEx_GetPeriphCLKFreq               0x080019d1   Thumb Code   166  stm32f1xx_hal_rcc_ex.o(i.HAL_RCCEx_GetPeriphCLKFreq)
    HAL_RCCEx_PeriphCLKConfig                0x08001a99   Thumb Code   224  stm32f1xx_hal_rcc_ex.o(i.HAL_RCCEx_PeriphCLKConfig)
    HAL_RCC_ClockConfig                      0x08001b85   Thumb Code   280  stm32f1xx_hal_rcc.o(i.HAL_RCC_ClockConfig)
    HAL_RCC_GetPCLK1Freq                     0x08001cb1   Thumb Code    20  stm32f1xx_hal_rcc.o(i.HAL_RCC_GetPCLK1Freq)
    HAL_RCC_GetPCLK2Freq                     0x08001cd1   Thumb Code    20  stm32f1xx_hal_rcc.o(i.HAL_RCC_GetPCLK2Freq)
    HAL_RCC_GetSysClockFreq                  0x08001cf1   Thumb Code    74  stm32f1xx_hal_rcc.o(i.HAL_RCC_GetSysClockFreq)
    HAL_RCC_OscConfig                        0x08001d5d   Thumb Code   778  stm32f1xx_hal_rcc.o(i.HAL_RCC_OscConfig)
    HAL_RTCEx_RTCEventCallback               0x0800207d   Thumb Code     2  main.o(i.HAL_RTCEx_RTCEventCallback)
    HAL_RTCEx_RTCEventErrorCallback          0x0800207f   Thumb Code     2  stm32f1xx_hal_rtc_ex.o(i.HAL_RTCEx_RTCEventErrorCallback)
    HAL_RTCEx_RTCIRQHandler                  0x08002081   Thumb Code    62  stm32f1xx_hal_rtc_ex.o(i.HAL_RTCEx_RTCIRQHandler)
    HAL_RTC_Init                             0x080020c1   Thumb Code   154  stm32f1xx_hal_rtc.o(i.HAL_RTC_Init)
    HAL_RTC_MspInit                          0x08002161   Thumb Code    60  rtc.o(i.HAL_RTC_MspInit)
    HAL_RTC_SetDate                          0x080021a9   Thumb Code   192  stm32f1xx_hal_rtc.o(i.HAL_RTC_SetDate)
    HAL_RTC_SetTime                          0x0800226d   Thumb Code   168  stm32f1xx_hal_rtc.o(i.HAL_RTC_SetTime)
    HAL_RTC_WaitForSynchro                   0x08002319   Thumb Code    58  stm32f1xx_hal_rtc.o(i.HAL_RTC_WaitForSynchro)
    HAL_SPI_Init                             0x08002353   Thumb Code   178  stm32f1xx_hal_spi.o(i.HAL_SPI_Init)
    HAL_SPI_MspInit                          0x08002405   Thumb Code    98  spi.o(i.HAL_SPI_MspInit)
    HAL_SPI_TransmitReceive                  0x08002475   Thumb Code   482  stm32f1xx_hal_spi.o(i.HAL_SPI_TransmitReceive)
    HAL_SYSTICK_Config                       0x08002657   Thumb Code    40  stm32f1xx_hal_cortex.o(i.HAL_SYSTICK_Config)
    HAL_TIMEx_BreakCallback                  0x0800267f   Thumb Code     2  stm32f1xx_hal_tim_ex.o(i.HAL_TIMEx_BreakCallback)
    HAL_TIMEx_CommutCallback                 0x08002681   Thumb Code     2  stm32f1xx_hal_tim_ex.o(i.HAL_TIMEx_CommutCallback)
    HAL_TIMEx_ConfigBreakDeadTime            0x08002683   Thumb Code    84  stm32f1xx_hal_tim_ex.o(i.HAL_TIMEx_ConfigBreakDeadTime)
    HAL_TIMEx_MasterConfigSynchronization    0x080026d9   Thumb Code    86  stm32f1xx_hal_tim_ex.o(i.HAL_TIMEx_MasterConfigSynchronization)
    HAL_TIM_Base_Init                        0x08002739   Thumb Code    90  stm32f1xx_hal_tim.o(i.HAL_TIM_Base_Init)
    HAL_TIM_Base_MspInit                     0x08002795   Thumb Code    94  tim.o(i.HAL_TIM_Base_MspInit)
    HAL_TIM_ConfigClockSource                0x08002801   Thumb Code   214  stm32f1xx_hal_tim.o(i.HAL_TIM_ConfigClockSource)
    HAL_TIM_IC_CaptureCallback               0x080028d7   Thumb Code     2  stm32f1xx_hal_tim.o(i.HAL_TIM_IC_CaptureCallback)
    HAL_TIM_IRQHandler                       0x080028d9   Thumb Code   358  stm32f1xx_hal_tim.o(i.HAL_TIM_IRQHandler)
    HAL_TIM_MspPostInit                      0x08002a41   Thumb Code   136  tim.o(i.HAL_TIM_MspPostInit)
    HAL_TIM_OC_DelayElapsedCallback          0x08002ae1   Thumb Code     2  stm32f1xx_hal_tim.o(i.HAL_TIM_OC_DelayElapsedCallback)
    HAL_TIM_PWM_ConfigChannel                0x08002ae3   Thumb Code   198  stm32f1xx_hal_tim.o(i.HAL_TIM_PWM_ConfigChannel)
    HAL_TIM_PWM_Init                         0x08002ba9   Thumb Code    90  stm32f1xx_hal_tim.o(i.HAL_TIM_PWM_Init)
    HAL_TIM_PWM_MspInit                      0x08002c03   Thumb Code     2  stm32f1xx_hal_tim.o(i.HAL_TIM_PWM_MspInit)
    HAL_TIM_PWM_PulseFinishedCallback        0x08002c05   Thumb Code     2  stm32f1xx_hal_tim.o(i.HAL_TIM_PWM_PulseFinishedCallback)
    HAL_TIM_PWM_Start                        0x08002c09   Thumb Code   138  stm32f1xx_hal_tim.o(i.HAL_TIM_PWM_Start)
    HAL_TIM_PeriodElapsedCallback            0x08002c9d   Thumb Code     2  stm32f1xx_hal_tim.o(i.HAL_TIM_PeriodElapsedCallback)
    HAL_TIM_TriggerCallback                  0x08002c9f   Thumb Code     2  stm32f1xx_hal_tim.o(i.HAL_TIM_TriggerCallback)
    HAL_UARTEx_ReceiveToIdle_DMA             0x08002ca1   Thumb Code    74  stm32f1xx_hal_uart.o(i.HAL_UARTEx_ReceiveToIdle_DMA)
    HAL_UARTEx_RxEventCallback               0x08002ceb   Thumb Code     4  main.o(i.HAL_UARTEx_RxEventCallback)
    HAL_UART_ErrorCallback                   0x08002cef   Thumb Code     2  stm32f1xx_hal_uart.o(i.HAL_UART_ErrorCallback)
    HAL_UART_IRQHandler                      0x08002cf1   Thumb Code   520  stm32f1xx_hal_uart.o(i.HAL_UART_IRQHandler)
    HAL_UART_Init                            0x08002efd   Thumb Code    98  stm32f1xx_hal_uart.o(i.HAL_UART_Init)
    HAL_UART_MspInit                         0x08002f61   Thumb Code   238  usart.o(i.HAL_UART_MspInit)
    HAL_UART_RxCpltCallback                  0x08003069   Thumb Code     2  stm32f1xx_hal_uart.o(i.HAL_UART_RxCpltCallback)
    HAL_UART_RxHalfCpltCallback              0x0800306b   Thumb Code     2  stm32f1xx_hal_uart.o(i.HAL_UART_RxHalfCpltCallback)
    HAL_UART_TxCpltCallback                  0x0800306d   Thumb Code     2  stm32f1xx_hal_uart.o(i.HAL_UART_TxCpltCallback)
    HardFault_Handler                        0x0800306f   Thumb Code     2  stm32f1xx_it.o(i.HardFault_Handler)
    MX_ADC1_Init                             0x080034cd   Thumb Code    72  adc.o(i.MX_ADC1_Init)
    MX_DMA_Init                              0x0800351d   Thumb Code    72  dma.o(i.MX_DMA_Init)
    MX_GPIO_Init                             0x08003569   Thumb Code   172  gpio.o(i.MX_GPIO_Init)
    MX_I2C1_Init                             0x08003621   Thumb Code    50  i2c.o(i.MX_I2C1_Init)
    MX_RTC_Init                              0x08003661   Thumb Code   100  rtc.o(i.MX_RTC_Init)
    MX_SPI1_Init                             0x080036cd   Thumb Code    62  spi.o(i.MX_SPI1_Init)
    MX_TIM1_Init                             0x08003715   Thumb Code   206  tim.o(i.MX_TIM1_Init)
    MX_TIM2_Init                             0x080037ed   Thumb Code    94  tim.o(i.MX_TIM2_Init)
    MX_TIM3_Init                             0x08003851   Thumb Code   176  tim.o(i.MX_TIM3_Init)
    MX_USART1_UART_Init                      0x08003909   Thumb Code    48  usart.o(i.MX_USART1_UART_Init)
    MX_USART2_UART_Init                      0x08003941   Thumb Code    48  usart.o(i.MX_USART2_UART_Init)
    MemManage_Handler                        0x08003979   Thumb Code     2  stm32f1xx_it.o(i.MemManage_Handler)
    NMI_Handler                              0x0800397b   Thumb Code     2  stm32f1xx_it.o(i.NMI_Handler)
    OLED_Clear                               0x0800397d   Thumb Code    52  bsp_oled.o(i.OLED_Clear)
    OLED_Init                                0x080039b1   Thumb Code   168  bsp_oled.o(i.OLED_Init)
    OLED_Set_Pos                             0x08003a59   Thumb Code    34  bsp_oled.o(i.OLED_Set_Pos)
    OLED_ShowCHinese                         0x08003a7b   Thumb Code    60  bsp_oled.o(i.OLED_ShowCHinese)
    OLED_ShowString                          0x08003ab9   Thumb Code   160  bsp_oled.o(i.OLED_ShowString)
    PendSV_Handler                           0x08003b97   Thumb Code     2  stm32f1xx_it.o(i.PendSV_Handler)
    RGB_Control                              0x08003b99   Thumb Code   100  bsp_rgb.o(i.RGB_Control)
    RGB_Init                                 0x08003c0d   Thumb Code    28  bsp_rgb.o(i.RGB_Init)
    RTC_IRQHandler                           0x08003cad   Thumb Code     6  stm32f1xx_it.o(i.RTC_IRQHandler)
    Read_BH1750                              0x08003d8d   Thumb Code    54  bsp_gy302.o(i.Read_BH1750)
    SPI_Draw_ChineseString                   0x08003dcd   Thumb Code   118  bsp_oled.o(i.SPI_Draw_ChineseString)
    SVC_Handler                              0x08003f1d   Thumb Code     2  stm32f1xx_it.o(i.SVC_Handler)
    SysTick_Handler                          0x08003f1f   Thumb Code     4  stm32f1xx_it.o(i.SysTick_Handler)
    SystemClock_Config                       0x08003f23   Thumb Code   136  main.o(i.SystemClock_Config)
    SystemInit                               0x08003fab   Thumb Code     2  system_stm32f1xx.o(i.SystemInit)
    TIM2_IRQHandler                          0x08003fad   Thumb Code     6  stm32f1xx_it.o(i.TIM2_IRQHandler)
    TIM_Base_SetConfig                       0x08003fb9   Thumb Code    84  stm32f1xx_hal_tim.o(i.TIM_Base_SetConfig)
    TIM_CCxChannelCmd                        0x08004015   Thumb Code    26  stm32f1xx_hal_tim.o(i.TIM_CCxChannelCmd)
    TIM_ETR_SetConfig                        0x0800402f   Thumb Code    20  stm32f1xx_hal_tim.o(i.TIM_ETR_SetConfig)
    TIM_OC2_SetConfig                        0x080040a5   Thumb Code    84  stm32f1xx_hal_tim.o(i.TIM_OC2_SetConfig)
    UART_Start_Receive_DMA                   0x0800458d   Thumb Code    98  stm32f1xx_hal_uart.o(i.UART_Start_Receive_DMA)
    USART1_IRQHandler                        0x080045fd   Thumb Code     6  stm32f1xx_it.o(i.USART1_IRQHandler)
    USART2_IRQHandler                        0x08004609   Thumb Code     6  stm32f1xx_it.o(i.USART2_IRQHandler)
    UsageFault_Handler                       0x08004615   Thumb Code     2  stm32f1xx_it.o(i.UsageFault_Handler)
    W25QXX_Read                              0x08004619   Thumb Code    90  bsp_w25q64.o(i.W25QXX_Read)
    Write_BH1750                             0x080046a5   Thumb Code    30  bsp_gy302.o(i.Write_BH1750)
    Write_IIC_Command                        0x080046c9   Thumb Code    30  bsp_oled.o(i.Write_IIC_Command)
    Write_IIC_Data                           0x080046ed   Thumb Code    30  bsp_oled.o(i.Write_IIC_Data)
    __UART_CALLBack                          0x08004731   Thumb Code    58  uart_callback.o(i.__UART_CALLBack)
    conversion                               0x08004781   Thumb Code    90  bsp_gy302.o(i.conversion)
    main                                     0x080047e1   Thumb Code   236  main.o(i.main)
    oled_Config                              0x08004915   Thumb Code    14  bsp_oled.o(i.oled_Config)
    __aeabi_d2f                              0x08004925   Thumb Code     0  d2f.o(x$fpl$d2f)
    _d2f                                     0x08004925   Thumb Code    98  d2f.o(x$fpl$d2f)
    __aeabi_ddiv                             0x08004989   Thumb Code     0  ddiv.o(x$fpl$ddiv)
    _ddiv                                    0x08004989   Thumb Code   552  ddiv.o(x$fpl$ddiv)
    __aeabi_d2uiz                            0x08004c39   Thumb Code     0  dfixu.o(x$fpl$dfixu)
    _dfixu                                   0x08004c39   Thumb Code    90  dfixu.o(x$fpl$dfixu)
    __fpl_dnaninf                            0x08004c93   Thumb Code   156  dnaninf.o(x$fpl$dnaninf)
    __fpl_dretinf                            0x08004d2f   Thumb Code    12  dretinf.o(x$fpl$dretinf)
    __aeabi_f2d                              0x08004d3d   Thumb Code     0  f2d.o(x$fpl$f2d)
    _f2d                                     0x08004d3d   Thumb Code    86  f2d.o(x$fpl$f2d)
    __aeabi_f2uiz                            0x08004d95   Thumb Code     0  ffixu.o(x$fpl$ffixu)
    _ffixu                                   0x08004d95   Thumb Code    62  ffixu.o(x$fpl$ffixu)
    __aeabi_ui2f                             0x08004dd5   Thumb Code     0  fflt_clz.o(x$fpl$ffltu)
    _ffltu                                   0x08004dd5   Thumb Code    38  fflt_clz.o(x$fpl$ffltu)
    __fpl_fnaninf                            0x08004dfb   Thumb Code   140  fnaninf.o(x$fpl$fnaninf)
    __fpl_fretinf                            0x08004e87   Thumb Code    10  fretinf.o(x$fpl$fretinf)
    F8X16                                    0x08004e90   Data        1520  bsp_oled.o(.constdata)
    __I$use$fp                               0x08004e90   Number         0  usenofp.o(x$fpl$usenofp)
    AHBPrescTable                            0x08005480   Data          16  system_stm32f1xx.o(.constdata)
    APBPrescTable                            0x08005490   Data           8  system_stm32f1xx.o(.constdata)
    Region$$Table$$Base                      0x08005498   Number         0  anon$$obj.o(Region$$Table)
    Region$$Table$$Limit                     0x080054b8   Number         0  anon$$obj.o(Region$$Table)
    k1_num                                   0x20000000   Data           1  main.o(.data)
    k2_num                                   0x20000001   Data           1  main.o(.data)
    ADC_Buffer                               0x20000002   Data           2  main.o(.data)
    ADC_Last_Buffer                          0x20000004   Data           2  main.o(.data)
    ADC_Value                                0x20000006   Data           2  bsp_adc.o(.data)
    lux_buffer                               0x20000008   Data           5  bsp_gy302.o(.data)
    F6x8                                     0x2000000d   Data         552  bsp_oled.o(.data)
    UART2_length                             0x20000235   Data           1  uart_callback.o(.data)
    uwTickFreq                               0x20000238   Data           1  stm32f1xx_hal.o(.data)
    uwTickPrio                               0x2000023c   Data           4  stm32f1xx_hal.o(.data)
    uwTick                                   0x20000240   Data           4  stm32f1xx_hal.o(.data)
    SystemCoreClock                          0x20000244   Data           4  system_stm32f1xx.o(.data)
    RxBuf_2                                  0x20000248   Data          50  main.o(.bss)
    hadc1                                    0x2000027c   Data          48  adc.o(.bss)
    hdma_adc1                                0x200002ac   Data          68  adc.o(.bss)
    hi2c1                                    0x200002f0   Data          84  i2c.o(.bss)
    hrtc                                     0x20000344   Data          20  rtc.o(.bss)
    hspi1                                    0x20000358   Data          88  spi.o(.bss)
    htim1                                    0x200003b0   Data          72  tim.o(.bss)
    htim2                                    0x200003f8   Data          72  tim.o(.bss)
    htim3                                    0x20000440   Data          72  tim.o(.bss)
    huart1                                   0x20000488   Data          68  usart.o(.bss)
    huart2                                   0x200004cc   Data          68  usart.o(.bss)
    hdma_usart2_rx                           0x20000510   Data          68  usart.o(.bss)
    RGB_InitStructure                        0x20000554   Data          16  bsp_rgb.o(.bss)
    __libspace_start                         0x20000564   Data          96  libspace.o(.bss)
    __temporary_stack_top$libspace           0x200005c4   Data           0  libspace.o(.bss)



==============================================================================

Memory Map of the image

  Image Entry point : 0x080000ed

  Load Region LR_IROM1 (Base: 0x08000000, Size: 0x00005700, Max: 0x00008000, ABSOLUTE, COMPRESSED[0x0000567c])

    Execution Region ER_IROM1 (Exec base: 0x08000000, Load base: 0x08000000, Size: 0x000054b8, Max: 0x00008000, ABSOLUTE)

    Exec Addr    Load Addr    Size         Type   Attr      Idx    E Section Name        Object

    0x08000000   0x08000000   0x000000ec   Data   RO            3    RESET               startup_stm32f103xb.o
    0x080000ec   0x080000ec   0x00000008   Code   RO         5043  * !!!main             c_w.l(__main.o)
    0x080000f4   0x080000f4   0x00000034   Code   RO         5244    !!!scatter          c_w.l(__scatter.o)
    0x08000128   0x08000128   0x0000005a   Code   RO         5242    !!dczerorl2         c_w.l(__dczerorl2.o)
    0x08000182   0x08000182   0x00000002   PAD
    0x08000184   0x08000184   0x0000001c   Code   RO         5246    !!handler_zi        c_w.l(__scatter_zi.o)
    0x080001a0   0x080001a0   0x00000000   Code   RO         5030    .ARM.Collect$$_printf_percent$$00000000  c_w.l(_printf_percent.o)
    0x080001a0   0x080001a0   0x00000006   Code   RO         5029    .ARM.Collect$$_printf_percent$$00000009  c_w.l(_printf_d.o)
    0x080001a6   0x080001a6   0x00000004   Code   RO         5074    .ARM.Collect$$_printf_percent$$00000017  c_w.l(_printf_percent_end.o)
    0x080001aa   0x080001aa   0x00000002   Code   RO         5112    .ARM.Collect$$libinit$$00000000  c_w.l(libinit.o)
    0x080001ac   0x080001ac   0x00000000   Code   RO         5119    .ARM.Collect$$libinit$$00000002  c_w.l(libinit2.o)
    0x080001ac   0x080001ac   0x00000000   Code   RO         5121    .ARM.Collect$$libinit$$00000004  c_w.l(libinit2.o)
    0x080001ac   0x080001ac   0x00000000   Code   RO         5124    .ARM.Collect$$libinit$$0000000A  c_w.l(libinit2.o)
    0x080001ac   0x080001ac   0x00000000   Code   RO         5126    .ARM.Collect$$libinit$$0000000C  c_w.l(libinit2.o)
    0x080001ac   0x080001ac   0x00000000   Code   RO         5128    .ARM.Collect$$libinit$$0000000E  c_w.l(libinit2.o)
    0x080001ac   0x080001ac   0x00000000   Code   RO         5131    .ARM.Collect$$libinit$$00000011  c_w.l(libinit2.o)
    0x080001ac   0x080001ac   0x00000000   Code   RO         5133    .ARM.Collect$$libinit$$00000013  c_w.l(libinit2.o)
    0x080001ac   0x080001ac   0x00000000   Code   RO         5135    .ARM.Collect$$libinit$$00000015  c_w.l(libinit2.o)
    0x080001ac   0x080001ac   0x00000000   Code   RO         5137    .ARM.Collect$$libinit$$00000017  c_w.l(libinit2.o)
    0x080001ac   0x080001ac   0x00000000   Code   RO         5139    .ARM.Collect$$libinit$$00000019  c_w.l(libinit2.o)
    0x080001ac   0x080001ac   0x00000000   Code   RO         5141    .ARM.Collect$$libinit$$0000001B  c_w.l(libinit2.o)
    0x080001ac   0x080001ac   0x00000000   Code   RO         5143    .ARM.Collect$$libinit$$0000001D  c_w.l(libinit2.o)
    0x080001ac   0x080001ac   0x00000000   Code   RO         5145    .ARM.Collect$$libinit$$0000001F  c_w.l(libinit2.o)
    0x080001ac   0x080001ac   0x00000000   Code   RO         5147    .ARM.Collect$$libinit$$00000021  c_w.l(libinit2.o)
    0x080001ac   0x080001ac   0x00000000   Code   RO         5149    .ARM.Collect$$libinit$$00000023  c_w.l(libinit2.o)
    0x080001ac   0x080001ac   0x00000000   Code   RO         5151    .ARM.Collect$$libinit$$00000025  c_w.l(libinit2.o)
    0x080001ac   0x080001ac   0x00000000   Code   RO         5155    .ARM.Collect$$libinit$$0000002C  c_w.l(libinit2.o)
    0x080001ac   0x080001ac   0x00000000   Code   RO         5157    .ARM.Collect$$libinit$$0000002E  c_w.l(libinit2.o)
    0x080001ac   0x080001ac   0x00000000   Code   RO         5159    .ARM.Collect$$libinit$$00000030  c_w.l(libinit2.o)
    0x080001ac   0x080001ac   0x00000000   Code   RO         5161    .ARM.Collect$$libinit$$00000032  c_w.l(libinit2.o)
    0x080001ac   0x080001ac   0x00000002   Code   RO         5162    .ARM.Collect$$libinit$$00000033  c_w.l(libinit2.o)
    0x080001ae   0x080001ae   0x00000002   Code   RO         5182    .ARM.Collect$$libshutdown$$00000000  c_w.l(libshutdown.o)
    0x080001b0   0x080001b0   0x00000000   Code   RO         5195    .ARM.Collect$$libshutdown$$00000002  c_w.l(libshutdown2.o)
    0x080001b0   0x080001b0   0x00000000   Code   RO         5197    .ARM.Collect$$libshutdown$$00000004  c_w.l(libshutdown2.o)
    0x080001b0   0x080001b0   0x00000000   Code   RO         5200    .ARM.Collect$$libshutdown$$00000007  c_w.l(libshutdown2.o)
    0x080001b0   0x080001b0   0x00000000   Code   RO         5203    .ARM.Collect$$libshutdown$$0000000A  c_w.l(libshutdown2.o)
    0x080001b0   0x080001b0   0x00000000   Code   RO         5205    .ARM.Collect$$libshutdown$$0000000C  c_w.l(libshutdown2.o)
    0x080001b0   0x080001b0   0x00000000   Code   RO         5208    .ARM.Collect$$libshutdown$$0000000F  c_w.l(libshutdown2.o)
    0x080001b0   0x080001b0   0x00000002   Code   RO         5209    .ARM.Collect$$libshutdown$$00000010  c_w.l(libshutdown2.o)
    0x080001b2   0x080001b2   0x00000000   Code   RO         5067    .ARM.Collect$$rtentry$$00000000  c_w.l(__rtentry.o)
    0x080001b2   0x080001b2   0x00000000   Code   RO         5087    .ARM.Collect$$rtentry$$00000002  c_w.l(__rtentry2.o)
    0x080001b2   0x080001b2   0x00000006   Code   RO         5099    .ARM.Collect$$rtentry$$00000004  c_w.l(__rtentry4.o)
    0x080001b8   0x080001b8   0x00000000   Code   RO         5089    .ARM.Collect$$rtentry$$00000009  c_w.l(__rtentry2.o)
    0x080001b8   0x080001b8   0x00000004   Code   RO         5090    .ARM.Collect$$rtentry$$0000000A  c_w.l(__rtentry2.o)
    0x080001bc   0x080001bc   0x00000000   Code   RO         5092    .ARM.Collect$$rtentry$$0000000C  c_w.l(__rtentry2.o)
    0x080001bc   0x080001bc   0x00000008   Code   RO         5093    .ARM.Collect$$rtentry$$0000000D  c_w.l(__rtentry2.o)
    0x080001c4   0x080001c4   0x00000002   Code   RO         5116    .ARM.Collect$$rtexit$$00000000  c_w.l(rtexit.o)
    0x080001c6   0x080001c6   0x00000000   Code   RO         5164    .ARM.Collect$$rtexit$$00000002  c_w.l(rtexit2.o)
    0x080001c6   0x080001c6   0x00000004   Code   RO         5165    .ARM.Collect$$rtexit$$00000003  c_w.l(rtexit2.o)
    0x080001ca   0x080001ca   0x00000006   Code   RO         5166    .ARM.Collect$$rtexit$$00000004  c_w.l(rtexit2.o)
    0x080001d0   0x080001d0   0x00000040   Code   RO            4    .text               startup_stm32f103xb.o
    0x08000210   0x08000210   0x00000028   Code   RO         5003    .text               c_w.l(noretval__2sprintf.o)
    0x08000238   0x08000238   0x00000068   Code   RO         5005    .text               c_w.l(__printf.o)
    0x080002a0   0x080002a0   0x00000078   Code   RO         5007    .text               c_w.l(_printf_dec.o)
    0x08000318   0x08000318   0x00000048   Code   RO         5031    .text               c_w.l(strcpy.o)
    0x08000360   0x08000360   0x0000003e   Code   RO         5033    .text               c_w.l(strlen.o)
    0x0800039e   0x0800039e   0x0000008a   Code   RO         5035    .text               c_w.l(rt_memcpy_v6.o)
    0x08000428   0x08000428   0x00000044   Code   RO         5037    .text               c_w.l(rt_memclr.o)
    0x0800046c   0x0800046c   0x0000004e   Code   RO         5039    .text               c_w.l(rt_memclr_w.o)
    0x080004ba   0x080004ba   0x00000006   Code   RO         5041    .text               c_w.l(heapauxi.o)
    0x080004c0   0x080004c0   0x000000b2   Code   RO         5068    .text               c_w.l(_printf_intcommon.o)
    0x08000572   0x08000572   0x00000002   PAD
    0x08000574   0x08000574   0x00000030   Code   RO         5070    .text               c_w.l(_printf_char_common.o)
    0x080005a4   0x080005a4   0x0000000a   Code   RO         5072    .text               c_w.l(_sputc.o)
    0x080005ae   0x080005ae   0x00000064   Code   RO         5075    .text               c_w.l(rt_memcpy_w.o)
    0x08000612   0x08000612   0x0000004a   Code   RO         5103    .text               c_w.l(sys_stackheap_outer.o)
    0x0800065c   0x0800065c   0x00000012   Code   RO         5105    .text               c_w.l(exit.o)
    0x0800066e   0x0800066e   0x00000002   PAD
    0x08000670   0x08000670   0x00000008   Code   RO         5113    .text               c_w.l(libspace.o)
    0x08000678   0x08000678   0x0000000c   Code   RO         5174    .text               c_w.l(sys_exit.o)
    0x08000684   0x08000684   0x00000002   Code   RO         5185    .text               c_w.l(use_no_semi.o)
    0x08000686   0x08000686   0x00000000   Code   RO         5187    .text               c_w.l(indicate_semi.o)
    0x08000686   0x08000686   0x00000002   PAD
    0x08000688   0x08000688   0x0000000c   Code   RO          574    i.ADC1_2_IRQHandler  stm32f1xx_it.o
    0x08000694   0x08000694   0x00000056   Code   RO         1365    i.ADC_ConversionStop_Disable  stm32f1xx_hal_adc.o
    0x080006ea   0x080006ea   0x00000002   PAD
    0x080006ec   0x080006ec   0x0000007c   Code   RO         1369    i.ADC_Enable        stm32f1xx_hal_adc.o
    0x08000768   0x08000768   0x0000001c   Code   RO          728    i.ADC_ReadValue     bsp_adc.o
    0x08000784   0x08000784   0x00000002   Code   RO          575    i.BusFault_Handler  stm32f1xx_it.o
    0x08000786   0x08000786   0x00000002   PAD
    0x08000788   0x08000788   0x0000000c   Code   RO          576    i.DMA1_Channel1_IRQHandler  stm32f1xx_it.o
    0x08000794   0x08000794   0x0000000c   Code   RO          577    i.DMA1_Channel6_IRQHandler  stm32f1xx_it.o
    0x080007a0   0x080007a0   0x0000002a   Code   RO         2019    i.DMA_SetConfig     stm32f1xx_hal_dma.o
    0x080007ca   0x080007ca   0x00000002   Code   RO          578    i.DebugMon_Handler  stm32f1xx_it.o
    0x080007cc   0x080007cc   0x00000016   Code   RO          579    i.EXTI15_10_IRQHandler  stm32f1xx_it.o
    0x080007e2   0x080007e2   0x00000006   Code   RO          580    i.EXTI3_IRQHandler  stm32f1xx_it.o
    0x080007e8   0x080007e8   0x00000004   Code   RO           13    i.Error_Handler     main.o
    0x080007ec   0x080007ec   0x00000038   Code   RO          869    i.GY302_display_test  bsp_gy302.o
    0x08000824   0x08000824   0x00000002   Code   RO         1547    i.HAL_ADCEx_InjectedConvCpltCallback  stm32f1xx_hal_adc_ex.o
    0x08000826   0x08000826   0x00000002   PAD
    0x08000828   0x08000828   0x000000fc   Code   RO         1371    i.HAL_ADC_ConfigChannel  stm32f1xx_hal_adc.o
    0x08000924   0x08000924   0x00000030   Code   RO           14    i.HAL_ADC_ConvCpltCallback  main.o
    0x08000954   0x08000954   0x00000006   Code   RO         1378    i.HAL_ADC_GetValue  stm32f1xx_hal_adc.o
    0x0800095a   0x0800095a   0x000000e6   Code   RO         1379    i.HAL_ADC_IRQHandler  stm32f1xx_hal_adc.o
    0x08000a40   0x08000a40   0x0000011c   Code   RO         1380    i.HAL_ADC_Init      stm32f1xx_hal_adc.o
    0x08000b5c   0x08000b5c   0x00000002   Code   RO         1381    i.HAL_ADC_LevelOutOfWindowCallback  stm32f1xx_hal_adc.o
    0x08000b5e   0x08000b5e   0x00000002   PAD
    0x08000b60   0x08000b60   0x0000009c   Code   RO          275    i.HAL_ADC_MspInit   adc.o
    0x08000bfc   0x08000bfc   0x000000cc   Code   RO         1388    i.HAL_ADC_Start_IT  stm32f1xx_hal_adc.o
    0x08000cc8   0x08000cc8   0x00000046   Code   RO         2020    i.HAL_DMA_Abort     stm32f1xx_hal_dma.o
    0x08000d0e   0x08000d0e   0x00000002   PAD
    0x08000d10   0x08000d10   0x00000098   Code   RO         2021    i.HAL_DMA_Abort_IT  stm32f1xx_hal_dma.o
    0x08000da8   0x08000da8   0x00000154   Code   RO         2025    i.HAL_DMA_IRQHandler  stm32f1xx_hal_dma.o
    0x08000efc   0x08000efc   0x0000005c   Code   RO         2026    i.HAL_DMA_Init      stm32f1xx_hal_dma.o
    0x08000f58   0x08000f58   0x00000070   Code   RO         2030    i.HAL_DMA_Start_IT  stm32f1xx_hal_dma.o
    0x08000fc8   0x08000fc8   0x00000024   Code   RO         1648    i.HAL_Delay         stm32f1xx_hal.o
    0x08000fec   0x08000fec   0x00000034   Code   RO           15    i.HAL_GPIO_EXTI_Callback  main.o
    0x08001020   0x08001020   0x00000018   Code   RO         1955    i.HAL_GPIO_EXTI_IRQHandler  stm32f1xx_hal_gpio.o
    0x08001038   0x08001038   0x000001c0   Code   RO         1956    i.HAL_GPIO_Init     stm32f1xx_hal_gpio.o
    0x080011f8   0x080011f8   0x0000000a   Code   RO         1960    i.HAL_GPIO_WritePin  stm32f1xx_hal_gpio.o
    0x08001202   0x08001202   0x00000002   PAD
    0x08001204   0x08001204   0x0000000c   Code   RO         1652    i.HAL_GetTick       stm32f1xx_hal.o
    0x08001210   0x08001210   0x00000188   Code   RO         2617    i.HAL_I2C_Init      stm32f1xx_hal_i2c.o
    0x08001398   0x08001398   0x00000244   Code   RO         2623    i.HAL_I2C_Master_Receive  stm32f1xx_hal_i2c.o
    0x080015dc   0x080015dc   0x0000012c   Code   RO         2630    i.HAL_I2C_Master_Transmit  stm32f1xx_hal_i2c.o
    0x08001708   0x08001708   0x00000130   Code   RO         2638    i.HAL_I2C_Mem_Write  stm32f1xx_hal_i2c.o
    0x08001838   0x08001838   0x0000005c   Code   RO          341    i.HAL_I2C_MspInit   i2c.o
    0x08001894   0x08001894   0x00000010   Code   RO         1658    i.HAL_IncTick       stm32f1xx_hal.o
    0x080018a4   0x080018a4   0x00000024   Code   RO         1659    i.HAL_Init          stm32f1xx_hal.o
    0x080018c8   0x080018c8   0x00000040   Code   RO         1660    i.HAL_InitTick      stm32f1xx_hal.o
    0x08001908   0x08001908   0x0000003c   Code   RO          704    i.HAL_MspInit       stm32f1xx_hal_msp.o
    0x08001944   0x08001944   0x0000001a   Code   RO         2116    i.HAL_NVIC_EnableIRQ  stm32f1xx_hal_cortex.o
    0x0800195e   0x0800195e   0x00000002   PAD
    0x08001960   0x08001960   0x00000040   Code   RO         2122    i.HAL_NVIC_SetPriority  stm32f1xx_hal_cortex.o
    0x080019a0   0x080019a0   0x00000024   Code   RO         2123    i.HAL_NVIC_SetPriorityGrouping  stm32f1xx_hal_cortex.o
    0x080019c4   0x080019c4   0x0000000c   Code   RO         2238    i.HAL_PWR_EnableBkUpAccess  stm32f1xx_hal_pwr.o
    0x080019d0   0x080019d0   0x000000c8   Code   RO         1918    i.HAL_RCCEx_GetPeriphCLKFreq  stm32f1xx_hal_rcc_ex.o
    0x08001a98   0x08001a98   0x000000ec   Code   RO         1919    i.HAL_RCCEx_PeriphCLKConfig  stm32f1xx_hal_rcc_ex.o
    0x08001b84   0x08001b84   0x0000012c   Code   RO         1816    i.HAL_RCC_ClockConfig  stm32f1xx_hal_rcc.o
    0x08001cb0   0x08001cb0   0x00000020   Code   RO         1823    i.HAL_RCC_GetPCLK1Freq  stm32f1xx_hal_rcc.o
    0x08001cd0   0x08001cd0   0x00000020   Code   RO         1824    i.HAL_RCC_GetPCLK2Freq  stm32f1xx_hal_rcc.o
    0x08001cf0   0x08001cf0   0x0000006c   Code   RO         1825    i.HAL_RCC_GetSysClockFreq  stm32f1xx_hal_rcc.o
    0x08001d5c   0x08001d5c   0x00000320   Code   RO         1828    i.HAL_RCC_OscConfig  stm32f1xx_hal_rcc.o
    0x0800207c   0x0800207c   0x00000002   Code   RO           16    i.HAL_RTCEx_RTCEventCallback  main.o
    0x0800207e   0x0800207e   0x00000002   Code   RO         3214    i.HAL_RTCEx_RTCEventErrorCallback  stm32f1xx_hal_rtc_ex.o
    0x08002080   0x08002080   0x0000003e   Code   RO         3215    i.HAL_RTCEx_RTCIRQHandler  stm32f1xx_hal_rtc_ex.o
    0x080020be   0x080020be   0x00000002   PAD
    0x080020c0   0x080020c0   0x000000a0   Code   RO         3046    i.HAL_RTC_Init      stm32f1xx_hal_rtc.o
    0x08002160   0x08002160   0x00000048   Code   RO          383    i.HAL_RTC_MspInit   rtc.o
    0x080021a8   0x080021a8   0x000000c4   Code   RO         3052    i.HAL_RTC_SetDate   stm32f1xx_hal_rtc.o
    0x0800226c   0x0800226c   0x000000ac   Code   RO         3053    i.HAL_RTC_SetTime   stm32f1xx_hal_rtc.o
    0x08002318   0x08002318   0x0000003a   Code   RO         3054    i.HAL_RTC_WaitForSynchro  stm32f1xx_hal_rtc.o
    0x08002352   0x08002352   0x000000b2   Code   RO         3321    i.HAL_SPI_Init      stm32f1xx_hal_spi.o
    0x08002404   0x08002404   0x00000070   Code   RO          425    i.HAL_SPI_MspInit   spi.o
    0x08002474   0x08002474   0x000001e2   Code   RO         3330    i.HAL_SPI_TransmitReceive  stm32f1xx_hal_spi.o
    0x08002656   0x08002656   0x00000028   Code   RO         2127    i.HAL_SYSTICK_Config  stm32f1xx_hal_cortex.o
    0x0800267e   0x0800267e   0x00000002   Code   RO         4338    i.HAL_TIMEx_BreakCallback  stm32f1xx_hal_tim_ex.o
    0x08002680   0x08002680   0x00000002   Code   RO         4339    i.HAL_TIMEx_CommutCallback  stm32f1xx_hal_tim_ex.o
    0x08002682   0x08002682   0x00000054   Code   RO         4341    i.HAL_TIMEx_ConfigBreakDeadTime  stm32f1xx_hal_tim_ex.o
    0x080026d6   0x080026d6   0x00000002   PAD
    0x080026d8   0x080026d8   0x00000060   Code   RO         4357    i.HAL_TIMEx_MasterConfigSynchronization  stm32f1xx_hal_tim_ex.o
    0x08002738   0x08002738   0x0000005a   Code   RO         3634    i.HAL_TIM_Base_Init  stm32f1xx_hal_tim.o
    0x08002792   0x08002792   0x00000002   PAD
    0x08002794   0x08002794   0x0000006c   Code   RO          467    i.HAL_TIM_Base_MspInit  tim.o
    0x08002800   0x08002800   0x000000d6   Code   RO         3643    i.HAL_TIM_ConfigClockSource  stm32f1xx_hal_tim.o
    0x080028d6   0x080028d6   0x00000002   Code   RO         3668    i.HAL_TIM_IC_CaptureCallback  stm32f1xx_hal_tim.o
    0x080028d8   0x080028d8   0x00000166   Code   RO         3682    i.HAL_TIM_IRQHandler  stm32f1xx_hal_tim.o
    0x08002a3e   0x08002a3e   0x00000002   PAD
    0x08002a40   0x08002a40   0x000000a0   Code   RO          468    i.HAL_TIM_MspPostInit  tim.o
    0x08002ae0   0x08002ae0   0x00000002   Code   RO         3685    i.HAL_TIM_OC_DelayElapsedCallback  stm32f1xx_hal_tim.o
    0x08002ae2   0x08002ae2   0x000000c6   Code   RO         3706    i.HAL_TIM_PWM_ConfigChannel  stm32f1xx_hal_tim.o
    0x08002ba8   0x08002ba8   0x0000005a   Code   RO         3709    i.HAL_TIM_PWM_Init  stm32f1xx_hal_tim.o
    0x08002c02   0x08002c02   0x00000002   Code   RO         3711    i.HAL_TIM_PWM_MspInit  stm32f1xx_hal_tim.o
    0x08002c04   0x08002c04   0x00000002   Code   RO         3712    i.HAL_TIM_PWM_PulseFinishedCallback  stm32f1xx_hal_tim.o
    0x08002c06   0x08002c06   0x00000002   PAD
    0x08002c08   0x08002c08   0x00000094   Code   RO         3714    i.HAL_TIM_PWM_Start  stm32f1xx_hal_tim.o
    0x08002c9c   0x08002c9c   0x00000002   Code   RO         3720    i.HAL_TIM_PeriodElapsedCallback  stm32f1xx_hal_tim.o
    0x08002c9e   0x08002c9e   0x00000002   Code   RO         3725    i.HAL_TIM_TriggerCallback  stm32f1xx_hal_tim.o
    0x08002ca0   0x08002ca0   0x0000004a   Code   RO         4614    i.HAL_UARTEx_ReceiveToIdle_DMA  stm32f1xx_hal_uart.o
    0x08002cea   0x08002cea   0x00000004   Code   RO           17    i.HAL_UARTEx_RxEventCallback  main.o
    0x08002cee   0x08002cee   0x00000002   Code   RO         4630    i.HAL_UART_ErrorCallback  stm32f1xx_hal_uart.o
    0x08002cf0   0x08002cf0   0x0000020c   Code   RO         4633    i.HAL_UART_IRQHandler  stm32f1xx_hal_uart.o
    0x08002efc   0x08002efc   0x00000062   Code   RO         4634    i.HAL_UART_Init     stm32f1xx_hal_uart.o
    0x08002f5e   0x08002f5e   0x00000002   PAD
    0x08002f60   0x08002f60   0x00000108   Code   RO          527    i.HAL_UART_MspInit  usart.o
    0x08003068   0x08003068   0x00000002   Code   RO         4640    i.HAL_UART_RxCpltCallback  stm32f1xx_hal_uart.o
    0x0800306a   0x0800306a   0x00000002   Code   RO         4641    i.HAL_UART_RxHalfCpltCallback  stm32f1xx_hal_uart.o
    0x0800306c   0x0800306c   0x00000002   Code   RO         4645    i.HAL_UART_TxCpltCallback  stm32f1xx_hal_uart.o
    0x0800306e   0x0800306e   0x00000002   Code   RO          581    i.HardFault_Handler  stm32f1xx_it.o
    0x08003070   0x08003070   0x0000002e   Code   RO         2659    i.I2C_IsAcknowledgeFailed  stm32f1xx_hal_i2c.o
    0x0800309e   0x0800309e   0x00000002   PAD
    0x080030a0   0x080030a0   0x000000ec   Code   RO         2662    i.I2C_MasterRequestRead  stm32f1xx_hal_i2c.o
    0x0800318c   0x0800318c   0x0000009c   Code   RO         2663    i.I2C_MasterRequestWrite  stm32f1xx_hal_i2c.o
    0x08003228   0x08003228   0x000000a8   Code   RO         2670    i.I2C_RequestMemoryWrite  stm32f1xx_hal_i2c.o
    0x080032d0   0x080032d0   0x0000004c   Code   RO         2674    i.I2C_WaitOnBTFFlagUntilTimeout  stm32f1xx_hal_i2c.o
    0x0800331c   0x0800331c   0x00000068   Code   RO         2675    i.I2C_WaitOnFlagUntilTimeout  stm32f1xx_hal_i2c.o
    0x08003384   0x08003384   0x00000096   Code   RO         2676    i.I2C_WaitOnMasterAddressFlagUntilTimeout  stm32f1xx_hal_i2c.o
    0x0800341a   0x0800341a   0x00000066   Code   RO         2677    i.I2C_WaitOnRXNEFlagUntilTimeout  stm32f1xx_hal_i2c.o
    0x08003480   0x08003480   0x0000004c   Code   RO         2678    i.I2C_WaitOnTXEFlagUntilTimeout  stm32f1xx_hal_i2c.o
    0x080034cc   0x080034cc   0x00000050   Code   RO          276    i.MX_ADC1_Init      adc.o
    0x0800351c   0x0800351c   0x0000004c   Code   RO          316    i.MX_DMA_Init       dma.o
    0x08003568   0x08003568   0x000000b8   Code   RO          250    i.MX_GPIO_Init      gpio.o
    0x08003620   0x08003620   0x00000040   Code   RO          342    i.MX_I2C1_Init      i2c.o
    0x08003660   0x08003660   0x0000006c   Code   RO          384    i.MX_RTC_Init       rtc.o
    0x080036cc   0x080036cc   0x00000048   Code   RO          426    i.MX_SPI1_Init      spi.o
    0x08003714   0x08003714   0x000000d8   Code   RO          469    i.MX_TIM1_Init      tim.o
    0x080037ec   0x080037ec   0x00000064   Code   RO          470    i.MX_TIM2_Init      tim.o
    0x08003850   0x08003850   0x000000b8   Code   RO          471    i.MX_TIM3_Init      tim.o
    0x08003908   0x08003908   0x00000038   Code   RO          528    i.MX_USART1_UART_Init  usart.o
    0x08003940   0x08003940   0x00000038   Code   RO          529    i.MX_USART2_UART_Init  usart.o
    0x08003978   0x08003978   0x00000002   Code   RO          582    i.MemManage_Handler  stm32f1xx_it.o
    0x0800397a   0x0800397a   0x00000002   Code   RO          583    i.NMI_Handler       stm32f1xx_it.o
    0x0800397c   0x0800397c   0x00000034   Code   RO          930    i.OLED_Clear        bsp_oled.o
    0x080039b0   0x080039b0   0x000000a8   Code   RO          931    i.OLED_Init         bsp_oled.o
    0x08003a58   0x08003a58   0x00000022   Code   RO          932    i.OLED_Set_Pos      bsp_oled.o
    0x08003a7a   0x08003a7a   0x0000003c   Code   RO          933    i.OLED_ShowCHinese  bsp_oled.o
    0x08003ab6   0x08003ab6   0x00000002   PAD
    0x08003ab8   0x08003ab8   0x000000a8   Code   RO          935    i.OLED_ShowString   bsp_oled.o
    0x08003b60   0x08003b60   0x00000036   Code   RO         1256    i.PWM_calculate     uart_callback.o
    0x08003b96   0x08003b96   0x00000002   Code   RO          584    i.PendSV_Handler    stm32f1xx_it.o
    0x08003b98   0x08003b98   0x00000074   Code   RO         1038    i.RGB_Control       bsp_rgb.o
    0x08003c0c   0x08003c0c   0x00000020   Code   RO         1039    i.RGB_Init          bsp_rgb.o
    0x08003c2c   0x08003c2c   0x00000012   Code   RO         3055    i.RTC_Bcd2ToByte    stm32f1xx_hal_rtc.o
    0x08003c3e   0x08003c3e   0x00000034   Code   RO         3058    i.RTC_EnterInitMode  stm32f1xx_hal_rtc.o
    0x08003c72   0x08003c72   0x00000002   PAD
    0x08003c74   0x08003c74   0x00000036   Code   RO         3059    i.RTC_ExitInitMode  stm32f1xx_hal_rtc.o
    0x08003caa   0x08003caa   0x00000002   PAD
    0x08003cac   0x08003cac   0x0000000c   Code   RO          585    i.RTC_IRQHandler    stm32f1xx_it.o
    0x08003cb8   0x08003cb8   0x0000000e   Code   RO         3060    i.RTC_ReadAlarmCounter  stm32f1xx_hal_rtc.o
    0x08003cc6   0x08003cc6   0x00000020   Code   RO         3061    i.RTC_ReadTimeCounter  stm32f1xx_hal_rtc.o
    0x08003ce6   0x08003ce6   0x00000056   Code   RO         3062    i.RTC_WeekDayNum    stm32f1xx_hal_rtc.o
    0x08003d3c   0x08003d3c   0x00000028   Code   RO         3063    i.RTC_WriteAlarmCounter  stm32f1xx_hal_rtc.o
    0x08003d64   0x08003d64   0x00000028   Code   RO         3064    i.RTC_WriteTimeCounter  stm32f1xx_hal_rtc.o
    0x08003d8c   0x08003d8c   0x00000040   Code   RO          870    i.Read_BH1750       bsp_gy302.o
    0x08003dcc   0x08003dcc   0x00000076   Code   RO          937    i.SPI_Draw_ChineseString  bsp_oled.o
    0x08003e42   0x08003e42   0x00000020   Code   RO         3359    i.SPI_EndRxTxTransaction  stm32f1xx_hal_spi.o
    0x08003e62   0x08003e62   0x00000002   PAD
    0x08003e64   0x08003e64   0x000000b8   Code   RO         3364    i.SPI_WaitFlagStateUntilTimeout  stm32f1xx_hal_spi.o
    0x08003f1c   0x08003f1c   0x00000002   Code   RO          586    i.SVC_Handler       stm32f1xx_it.o
    0x08003f1e   0x08003f1e   0x00000004   Code   RO          587    i.SysTick_Handler   stm32f1xx_it.o
    0x08003f22   0x08003f22   0x00000088   Code   RO           18    i.SystemClock_Config  main.o
    0x08003faa   0x08003faa   0x00000002   Code   RO         4963    i.SystemInit        system_stm32f1xx.o
    0x08003fac   0x08003fac   0x0000000c   Code   RO          588    i.TIM2_IRQHandler   stm32f1xx_it.o
    0x08003fb8   0x08003fb8   0x0000005c   Code   RO         3727    i.TIM_Base_SetConfig  stm32f1xx_hal_tim.o
    0x08004014   0x08004014   0x0000001a   Code   RO         3728    i.TIM_CCxChannelCmd  stm32f1xx_hal_tim.o
    0x0800402e   0x0800402e   0x00000014   Code   RO         3738    i.TIM_ETR_SetConfig  stm32f1xx_hal_tim.o
    0x08004042   0x08004042   0x00000010   Code   RO         3739    i.TIM_ITRx_SetConfig  stm32f1xx_hal_tim.o
    0x08004052   0x08004052   0x00000002   PAD
    0x08004054   0x08004054   0x00000050   Code   RO         3740    i.TIM_OC1_SetConfig  stm32f1xx_hal_tim.o
    0x080040a4   0x080040a4   0x00000058   Code   RO         3741    i.TIM_OC2_SetConfig  stm32f1xx_hal_tim.o
    0x080040fc   0x080040fc   0x00000058   Code   RO         3742    i.TIM_OC3_SetConfig  stm32f1xx_hal_tim.o
    0x08004154   0x08004154   0x00000044   Code   RO         3743    i.TIM_OC4_SetConfig  stm32f1xx_hal_tim.o
    0x08004198   0x08004198   0x00000022   Code   RO         3745    i.TIM_TI1_ConfigInputStage  stm32f1xx_hal_tim.o
    0x080041ba   0x080041ba   0x00000024   Code   RO         3747    i.TIM_TI2_ConfigInputStage  stm32f1xx_hal_tim.o
    0x080041de   0x080041de   0x00000002   PAD
    0x080041e0   0x080041e0   0x0000012c   Code   RO         1257    i.UART2_Cmd_Handle  uart_callback.o
    0x0800430c   0x0800430c   0x00000010   Code   RO         4647    i.UART_DMAAbortOnError  stm32f1xx_hal_uart.o
    0x0800431c   0x0800431c   0x0000004a   Code   RO         4648    i.UART_DMAError     stm32f1xx_hal_uart.o
    0x08004366   0x08004366   0x0000005a   Code   RO         4649    i.UART_DMAReceiveCplt  stm32f1xx_hal_uart.o
    0x080043c0   0x080043c0   0x0000001a   Code   RO         4651    i.UART_DMARxHalfCplt  stm32f1xx_hal_uart.o
    0x080043da   0x080043da   0x00000030   Code   RO         4657    i.UART_EndRxTransfer  stm32f1xx_hal_uart.o
    0x0800440a   0x0800440a   0x00000012   Code   RO         4658    i.UART_EndTxTransfer  stm32f1xx_hal_uart.o
    0x0800441c   0x0800441c   0x000000b6   Code   RO         4659    i.UART_Receive_IT   stm32f1xx_hal_uart.o
    0x080044d2   0x080044d2   0x00000002   PAD
    0x080044d4   0x080044d4   0x000000b8   Code   RO         4660    i.UART_SetConfig    stm32f1xx_hal_uart.o
    0x0800458c   0x0800458c   0x00000070   Code   RO         4661    i.UART_Start_Receive_DMA  stm32f1xx_hal_uart.o
    0x080045fc   0x080045fc   0x0000000c   Code   RO          589    i.USART1_IRQHandler  stm32f1xx_it.o
    0x08004608   0x08004608   0x0000000c   Code   RO          590    i.USART2_IRQHandler  stm32f1xx_it.o
    0x08004614   0x08004614   0x00000002   Code   RO          591    i.UsageFault_Handler  stm32f1xx_it.o
    0x08004616   0x08004616   0x00000002   PAD
    0x08004618   0x08004618   0x00000060   Code   RO         1114    i.W25QXX_Read       bsp_w25q64.o
    0x08004678   0x08004678   0x0000002c   Code   RO         1119    i.W25QXX_SPI_ReadWriteByte  bsp_w25q64.o
    0x080046a4   0x080046a4   0x00000024   Code   RO          871    i.Write_BH1750      bsp_gy302.o
    0x080046c8   0x080046c8   0x00000024   Code   RO          939    i.Write_IIC_Command  bsp_oled.o
    0x080046ec   0x080046ec   0x00000024   Code   RO          940    i.Write_IIC_Data    bsp_oled.o
    0x08004710   0x08004710   0x00000020   Code   RO         2129    i.__NVIC_SetPriority  stm32f1xx_hal_cortex.o
    0x08004730   0x08004730   0x00000050   Code   RO         1258    i.__UART_CALLBack   uart_callback.o
    0x08004780   0x08004780   0x00000060   Code   RO          872    i.conversion        bsp_gy302.o
    0x080047e0   0x080047e0   0x00000134   Code   RO           19    i.main              main.o
    0x08004914   0x08004914   0x0000000e   Code   RO          941    i.oled_Config       bsp_oled.o
    0x08004922   0x08004922   0x00000002   PAD
    0x08004924   0x08004924   0x00000062   Code   RO         5045    x$fpl$d2f           fz_ws.l(d2f.o)
    0x08004986   0x08004986   0x00000002   PAD
    0x08004988   0x08004988   0x000002b0   Code   RO         5048    x$fpl$ddiv          fz_ws.l(ddiv.o)
    0x08004c38   0x08004c38   0x0000005a   Code   RO         5051    x$fpl$dfixu         fz_ws.l(dfixu.o)
    0x08004c92   0x08004c92   0x0000009c   Code   RO         5077    x$fpl$dnaninf       fz_ws.l(dnaninf.o)
    0x08004d2e   0x08004d2e   0x0000000c   Code   RO         5079    x$fpl$dretinf       fz_ws.l(dretinf.o)
    0x08004d3a   0x08004d3a   0x00000002   PAD
    0x08004d3c   0x08004d3c   0x00000056   Code   RO         5055    x$fpl$f2d           fz_ws.l(f2d.o)
    0x08004d92   0x08004d92   0x00000002   PAD
    0x08004d94   0x08004d94   0x0000003e   Code   RO         5057    x$fpl$ffixu         fz_ws.l(ffixu.o)
    0x08004dd2   0x08004dd2   0x00000002   PAD
    0x08004dd4   0x08004dd4   0x00000026   Code   RO         5061    x$fpl$ffltu         fz_ws.l(fflt_clz.o)
    0x08004dfa   0x08004dfa   0x0000008c   Code   RO         5081    x$fpl$fnaninf       fz_ws.l(fnaninf.o)
    0x08004e86   0x08004e86   0x0000000a   Code   RO         5083    x$fpl$fretinf       fz_ws.l(fretinf.o)
    0x08004e90   0x08004e90   0x00000000   Code   RO         5085    x$fpl$usenofp       fz_ws.l(usenofp.o)
    0x08004e90   0x08004e90   0x000005f0   Data   RO          942    .constdata          bsp_oled.o
    0x08005480   0x08005480   0x00000010   Data   RO         4964    .constdata          system_stm32f1xx.o
    0x08005490   0x08005490   0x00000008   Data   RO         4965    .constdata          system_stm32f1xx.o
    0x08005498   0x08005498   0x00000020   Data   RO         5240    Region$$Table       anon$$obj.o


    Execution Region RW_IRAM1 (Exec base: 0x20000000, Load base: 0x080054b8, Size: 0x00000bc8, Max: 0x00002800, ABSOLUTE, COMPRESSED[0x000001c4])

    Exec Addr    Load Addr    Size         Type   Attr      Idx    E Section Name        Object

    0x20000000   COMPRESSED   0x00000006   Data   RW           22    .data               main.o
    0x20000006   COMPRESSED   0x00000002   Data   RW          730    .data               bsp_adc.o
    0x20000008   COMPRESSED   0x00000005   Data   RW          873    .data               bsp_gy302.o
    0x2000000d   COMPRESSED   0x00000228   Data   RW          943    .data               bsp_oled.o
    0x20000235   COMPRESSED   0x00000001   Data   RW         1259    .data               uart_callback.o
    0x20000236   COMPRESSED   0x00000002   PAD
    0x20000238   COMPRESSED   0x0000000c   Data   RW         1666    .data               stm32f1xx_hal.o
    0x20000244   COMPRESSED   0x00000004   Data   RW         4966    .data               system_stm32f1xx.o
    0x20000248        -       0x00000032   Zero   RW           20    .bss                main.o
    0x2000027a   COMPRESSED   0x00000002   PAD
    0x2000027c        -       0x00000074   Zero   RW          277    .bss                adc.o
    0x200002f0        -       0x00000054   Zero   RW          343    .bss                i2c.o
    0x20000344        -       0x00000014   Zero   RW          385    .bss                rtc.o
    0x20000358        -       0x00000058   Zero   RW          427    .bss                spi.o
    0x200003b0        -       0x000000d8   Zero   RW          472    .bss                tim.o
    0x20000488        -       0x000000cc   Zero   RW          530    .bss                usart.o
    0x20000554        -       0x00000010   Zero   RW         1041    .bss                bsp_rgb.o
    0x20000564        -       0x00000060   Zero   RW         5114    .bss                c_w.l(libspace.o)
    0x200005c4   COMPRESSED   0x00000004   PAD
    0x200005c8        -       0x00000200   Zero   RW            2    HEAP                startup_stm32f103xb.o
    0x200007c8        -       0x00000400   Zero   RW            1    STACK               startup_stm32f103xb.o


==============================================================================

Image component sizes


      Code (inc. data)   RO Data    RW Data    ZI Data      Debug   Object Name

       236         30          0          0        116       1643   adc.o
        28          8          0          2          0        632   bsp_adc.o
       252         36          0          5          0       2816   bsp_gy302.o
       686         20       1520        552          0       6490   bsp_oled.o
       148         20          0          0         16       1905   bsp_rgb.o
       140         10          0          0          0       1896   bsp_w25q64.o
        76          4          0          0          0        722   dma.o
       184         12          0          0          0        927   gpio.o
       156         26          0          0         84       1521   i2c.o
       554         92          0          6         50     466017   main.o
       180         20          0          0         20       1515   rtc.o
       184         24          0          0         88       1545   spi.o
        64         26        236          0       1536        784   startup_stm32f103xb.o
       164         28          0         12          0       5357   stm32f1xx_hal.o
      1188         44          0          0          0       6507   stm32f1xx_hal_adc.o
         2          0          0          0          0       1005   stm32f1xx_hal_adc_ex.o
       198         14          0          0          0      28779   stm32f1xx_hal_cortex.o
       808         36          0          0          0       4806   stm32f1xx_hal_dma.o
       482         36          0          0          0       3367   stm32f1xx_hal_gpio.o
      2690         70          0          0          0      14214   stm32f1xx_hal_i2c.o
        60          8          0          0          0        818   stm32f1xx_hal_msp.o
        12          4          0          0          0        487   stm32f1xx_hal_pwr.o
      1272        100          0          0          0       5036   stm32f1xx_hal_rcc.o
       436         46          0          0          0       2453   stm32f1xx_hal_rcc_ex.o
       922         14          0          0          0       9036   stm32f1xx_hal_rtc.o
        64          0          0          0          0       1492   stm32f1xx_hal_rtc_ex.o
       876          4          0          0          0       4565   stm32f1xx_hal_spi.o
      1658         38          0          0          0      15102   stm32f1xx_hal_tim.o
       184         10          0          0          0       3025   stm32f1xx_hal_tim_ex.o
      1454         24          0          0          0      11121   stm32f1xx_hal_uart.o
       132         42          0          0          0       7381   stm32f1xx_it.o
         2          0         24          4          0       1035   system_stm32f1xx.o
       768         62          0          0        216       3838   tim.o
       434         36          0          1          0       2665   uart_callback.o
       376         42          0          0        204       2330   usart.o

    ----------------------------------------------------------------------
     17116        986       1812        584       2332     622832   Object Totals
         0          0         32          0          0          0   (incl. Generated)
        46          0          0          2          2          0   (incl. Padding)

    ----------------------------------------------------------------------

      Code (inc. data)   RO Data    RW Data    ZI Data      Debug   Library Member Name

        90          0          0          0          0          0   __dczerorl2.o
         8          0          0          0          0         68   __main.o
       104          0          0          0          0         84   __printf.o
         0          0          0          0          0          0   __rtentry.o
        12          0          0          0          0          0   __rtentry2.o
         6          0          0          0          0          0   __rtentry4.o
        52          8          0          0          0          0   __scatter.o
        28          0          0          0          0          0   __scatter_zi.o
        48          6          0          0          0         96   _printf_char_common.o
         6          0          0          0          0          0   _printf_d.o
       120         16          0          0          0         92   _printf_dec.o
       178          0          0          0          0         88   _printf_intcommon.o
         0          0          0          0          0          0   _printf_percent.o
         4          0          0          0          0          0   _printf_percent_end.o
        10          0          0          0          0         68   _sputc.o
        18          0          0          0          0         80   exit.o
         6          0          0          0          0        152   heapauxi.o
         0          0          0          0          0          0   indicate_semi.o
         2          0          0          0          0          0   libinit.o
         2          0          0          0          0          0   libinit2.o
         2          0          0          0          0          0   libshutdown.o
         2          0          0          0          0          0   libshutdown2.o
         8          4          0          0         96         68   libspace.o
        40          6          0          0          0         84   noretval__2sprintf.o
        68          0          0          0          0         68   rt_memclr.o
        78          0          0          0          0         80   rt_memclr_w.o
       138          0          0          0          0         68   rt_memcpy_v6.o
       100          0          0          0          0         80   rt_memcpy_w.o
         2          0          0          0          0          0   rtexit.o
        10          0          0          0          0          0   rtexit2.o
        72          0          0          0          0         80   strcpy.o
        62          0          0          0          0         76   strlen.o
        12          4          0          0          0         68   sys_exit.o
        74          0          0          0          0         80   sys_stackheap_outer.o
         2          0          0          0          0         68   use_no_semi.o
        98          4          0          0          0         92   d2f.o
       688        140          0          0          0        208   ddiv.o
        90          4          0          0          0         92   dfixu.o
       156          4          0          0          0         92   dnaninf.o
        12          0          0          0          0         68   dretinf.o
        86          4          0          0          0         84   f2d.o
        62          4          0          0          0         84   ffixu.o
        38          0          0          0          0         68   fflt_clz.o
       140          4          0          0          0         84   fnaninf.o
        10          0          0          0          0         68   fretinf.o
         0          0          0          0          0          0   usenofp.o

    ----------------------------------------------------------------------
      2760        208          0          0        100       2488   Library Totals
        16          0          0          0          4          0   (incl. Padding)

    ----------------------------------------------------------------------

      Code (inc. data)   RO Data    RW Data    ZI Data      Debug   Library Name

      1364         44          0          0         96       1548   c_w.l
      1380        164          0          0          0        940   fz_ws.l

    ----------------------------------------------------------------------
      2760        208          0          0        100       2488   Library Totals

    ----------------------------------------------------------------------

==============================================================================


      Code (inc. data)   RO Data    RW Data    ZI Data      Debug   

     19876       1194       1812        584       2432     615228   Grand Totals
     19876       1194       1812        452       2432     615228   ELF Image Totals (compressed)
     19876       1194       1812        452          0          0   ROM Totals

==============================================================================

    Total RO  Size (Code + RO Data)                21688 (  21.18kB)
    Total RW  Size (RW Data + ZI Data)              3016 (   2.95kB)
    Total ROM Size (Code + RO Data + RW Data)      22140 (  21.62kB)

==============================================================================

